<html>
<body>
<pre>
<h1>µVision Build Log</h1>
<h2>Tool Versions:</h2>
IDE-Version: ¦ÌVision V5.21.1.0
Copyright (C) 2016 ARM Ltd and ARM Germany GmbH. All rights reserved.
License Information: yan hy 111 Flex license: MDK-ARM Plus: 60 user(s) (mdk_std) Support: Jan 2018
 
Tool Versions:
Toolchain:       MDK-ARM Plus: 60 user(s)  Version: 5.21a
Toolchain Path:  D:\MDK\ARM\ARMCC\Bin
C Compiler:      Armcc.exe V5.06 update 3 (build 300)
Assembler:       Armasm.exe V5.06 update 3 (build 300)
Linker/Locator:  ArmLink.exe V5.06 update 3 (build 300)
Library Manager: ArmAr.exe V5.06 update 3 (build 300)
Hex Converter:   FromElf.exe V5.06 update 3 (build 300)
CPU DLL:         SARMCM3.DLL V5.21a
Dialog DLL:      DARMCM1.DLL V1.14.0.0
Target DLL:      CMSIS_AGDI.dll V1.26.5.0
Dialog DLL:      TARMCM1.DLL V1.10.0.0
 
<h2>Project:</h2>
E:\Project\PSA\PSA2020 demo\PCBA\PSA10.25_Ccode\SPA_10.25_DEMO.uvprojx
Project File Date:  05/20/2020

<h2>Output:</h2>
*** Using Compiler 'V5.06 update 3 (build 300)', folder: 'D:\MDK\ARM\ARMCC\Bin'
Rebuild target 'SPA_KEA128'
assembling startup_SKEAZ1284.s...
compiling system_SKEAZ1284.c...
compiling adc.c...
compiling acmp.c...
compiling crc.c...
compiling flash.c...
compiling ftm.c...
compiling i2c.c...
compiling ics.c...
compiling kbi.c...
compiling nvic.c...
compiling pit.c...
compiling pmc.c...
compiling pwt.c...
compiling rtc.c...
compiling spi.c...
compiling uart.c...
compiling wdog.c...
compiling main.c...
compiling LCD_ctrl.c...
User\LCD\LCD_ctrl.c(120): warning:  #177-D: variable "data" was declared but never referenced
  	uint8_t data;    
User\LCD\LCD_ctrl.c: 1 warning, 0 errors
compiling LCD_data.c...
compiling LCD_if.c...
compiling BSP_if.c...
compiling CLK.c...
compiling timer_if.c...
compiling pit_if.c...
compiling LED_data.c...
compiling LED_ctrl.c...
User\LED\LED_ctrl.c(35): warning:  #550-D: variable "LED_Ctrl_PWM_Percent" was set but never used
  static UINT8 LED_Ctrl_PWM_Percent=100;
User\LED\LED_ctrl.c: 1 warning, 0 errors
compiling LED_I2C.c...
compiling LED_if.c...
compiling FTM_ctrl.c...
User\FTM\FTM_ctrl.c(66): warning:  #177-D: variable "FTM2CH0_Config" was declared but never referenced
      FTM_ChParamsType FTM2CH0_Config = {0};
User\FTM\FTM_ctrl.c: 1 warning, 0 errors
compiling FTM_if.c...
compiling deserialize_ctrl.c...
compiling atmel_1189.c...
compiling deserialize_data.c...
compiling deserialize_if.c...
compiling deserialize_uart.c...
User\Deserialize\deserialize_uart.c(224): warning:  #177-D: function "Uart1_SendChar" was declared but never referenced
  static void Uart1_SendChar(UINT8 send)
User\Deserialize\deserialize_uart.c: 1 warning, 0 errors
compiling CTP_ctrl.c...
compiling CTP_data.c...
compiling CTP_if.c...
linking...
Program Size: Code=9852 RO-data=236 RW-data=140 ZI-data=2524  
FromELF: creating hex file...
".\Objects\SPA_10.25demo" - 0 Error(s), 4 Warning(s).

<h2>Collection of Component include folders:</h2>
  E:\Project\PSA\PSA2020 demo\PCBA\PSA10.25_Ccode\RTE
  D:\MDK\ARM\PACK\Keil\Kinetis_KEAxx_DFP\1.3.0\Device\Include

<h2>Collection of Component Files used:</h2>
Build Time Elapsed:  00:00:21
</pre>
</body>
</html>
