Component: ARM Compiler 5.06 update 3 (build 300) Tool: armlink [4d35c9]

==============================================================================

Section Cross References

    startup_skeaz1284.o(STACK) refers (Special) to heapauxi.o(.text) for __use_two_region_memory
    startup_skeaz1284.o(HEAP) refers (Special) to heapauxi.o(.text) for __use_two_region_memory
    startup_skeaz1284.o(RESET) refers (Special) to heapauxi.o(.text) for __use_two_region_memory
    startup_skeaz1284.o(RESET) refers to startup_skeaz1284.o(STACK) for __initial_sp
    startup_skeaz1284.o(RESET) refers to startup_skeaz1284.o(.text) for Reset_Handler
    startup_skeaz1284.o(RESET) refers to i2c.o(i.I2C0_IRQHandler) for I2C0_IRQHandler
    startup_skeaz1284.o(RESET) refers to i2c.o(i.I2C1_IRQHandler) for I2C1_IRQHandler
    startup_skeaz1284.o(RESET) refers to spi.o(i.SPI0_IRQHandler) for SPI0_IRQHandler
    startup_skeaz1284.o(RESET) refers to spi.o(i.SPI1_IRQHandler) for SPI1_IRQHandler
    startup_skeaz1284.o(RESET) refers to deserialize_uart.o(i.UART0_IRQHandler) for UART0_IRQHandler
    startup_skeaz1284.o(RESET) refers to uart.o(i.UART1_IRQHandler) for UART1_IRQHandler
    startup_skeaz1284.o(RESET) refers to uart.o(i.UART2_IRQHandler) for UART2_IRQHandler
    startup_skeaz1284.o(RESET) refers to adc.o(i.ADC_IRQHandler) for ADC_IRQHandler
    startup_skeaz1284.o(RESET) refers to acmp.o(i.ACMP0_IRQHandler) for ACMP0_IRQHandler
    startup_skeaz1284.o(RESET) refers to ftm.o(i.FTM0_IRQHandler) for FTM0_IRQHandler
    startup_skeaz1284.o(RESET) refers to ftm.o(i.FTM1_IRQHandler) for FTM1_IRQHandler
    startup_skeaz1284.o(RESET) refers to ftm.o(i.FTM2_IRQHandler) for FTM2_IRQHandler
    startup_skeaz1284.o(RESET) refers to rtc.o(i.RTC_IRQHandler) for RTC_IRQHandler
    startup_skeaz1284.o(RESET) refers to acmp.o(i.ACMP1_IRQHandler) for ACMP1_IRQHandler
    startup_skeaz1284.o(RESET) refers to pit.o(i.PIT_CH0_IRQHandler) for PIT_CH0_IRQHandler
    startup_skeaz1284.o(RESET) refers to pit.o(i.PIT_CH1_IRQHandler) for PIT_CH1_IRQHandler
    startup_skeaz1284.o(RESET) refers to kbi.o(i.KBI0_IRQHandler) for KBI0_IRQHandler
    startup_skeaz1284.o(RESET) refers to kbi.o(i.KBI1_IRQHandler) for KBI1_IRQHandler
    startup_skeaz1284.o(RESET) refers to wdog.o(i.WDOG_IRQHandler) for WDOG_IRQHandler
    startup_skeaz1284.o(RESET) refers to pwt.o(i.PWT_IRQHandler) for PWT_IRQHandler
    startup_skeaz1284.o(.ARM.__at_0x400) refers (Special) to heapauxi.o(.text) for __use_two_region_memory
    startup_skeaz1284.o(.text) refers (Special) to heapauxi.o(.text) for __use_two_region_memory
    startup_skeaz1284.o(.text) refers to system_skeaz1284.o(i.SystemInit) for SystemInit
    startup_skeaz1284.o(.text) refers to __main.o(!!!main) for __main
    startup_skeaz1284.o(.text) refers to startup_skeaz1284.o(HEAP) for Heap_Mem
    startup_skeaz1284.o(.text) refers to startup_skeaz1284.o(STACK) for Stack_Mem
    system_skeaz1284.o(i.SystemCoreClockUpdate) refers to aeabi_sdiv.o(.text) for __aeabi_uidivmod
    system_skeaz1284.o(i.SystemCoreClockUpdate) refers to system_skeaz1284.o(.data) for SystemCoreClock
    acmp.o(i.ACMP0_IRQHandler) refers to acmp.o(.data) for ACMP_Callback
    acmp.o(i.ACMP1_IRQHandler) refers to acmp.o(.data) for ACMP_Callback
    acmp.o(i.ACMP_DeInit) refers to nvic.o(i.Disable_Interrupt) for Disable_Interrupt
    acmp.o(i.ACMP_Init) refers to nvic.o(i.Enable_Interrupt) for Enable_Interrupt
    acmp.o(i.ACMP_Init) refers to acmp.o(i.ACMP_ConfigDAC) for ACMP_ConfigDAC
    acmp.o(i.ACMP_SetCallback) refers to acmp.o(.data) for ACMP_Callback
    adc.o(i.ADC_DeInit) refers to adc.o(i.ADC_SetChannel) for ADC_SetChannel
    adc.o(i.ADC_IRQHandler) refers to adc.o(.data) for ADC_Callback
    adc.o(i.ADC_Init) refers to adc.o(i.ADC_SelectClock) for ADC_SelectClock
    adc.o(i.ADC_Init) refers to adc.o(i.ADC_SelectClockDivide) for ADC_SelectClockDivide
    adc.o(i.ADC_Init) refers to adc.o(i.ADC_SetMode) for ADC_SetMode
    adc.o(i.ADC_Init) refers to adc.o(i.ADC_SetFifoLevel) for ADC_SetFifoLevel
    adc.o(i.ADC_Init) refers to nvic.o(i.Enable_Interrupt) for Enable_Interrupt
    adc.o(i.ADC_PollRead) refers to adc.o(i.ADC_SetChannel) for ADC_SetChannel
    adc.o(i.ADC_SetCallBack) refers to adc.o(.data) for ADC_Callback
    flash.o(i.FLASH_EraseAll) refers to flash.o(i.FLASH_LaunchCMD) for FLASH_LaunchCMD
    flash.o(i.FLASH_EraseBlock) refers to flash.o(i.FLASH_LaunchCMD) for FLASH_LaunchCMD
    flash.o(i.FLASH_EraseSector) refers to flash.o(i.FLASH_LaunchCMD) for FLASH_LaunchCMD
    flash.o(i.FLASH_EraseVerifyAll) refers to flash.o(i.FLASH_LaunchCMD) for FLASH_LaunchCMD
    flash.o(i.FLASH_EraseVerifyBlock) refers to flash.o(i.FLASH_LaunchCMD) for FLASH_LaunchCMD
    flash.o(i.FLASH_EraseVerifySection) refers to flash.o(i.FLASH_LaunchCMD) for FLASH_LaunchCMD
    flash.o(i.FLASH_Init) refers to aeabi_sdiv.o(.text) for __aeabi_uidivmod
[...]
    ../clib/angel/startup.s                  0x00000000   Number         0  __main.o ABSOLUTE
    ../clib/angel/sys.s                      0x00000000   Number         0  sys_stackheap_outer.o ABSOLUTE
    ../clib/angel/sys.s                      0x00000000   Number         0  indicate_semi.o ABSOLUTE
    ../clib/angel/sys.s                      0x00000000   Number         0  use_no_semi.o ABSOLUTE
    ../clib/angel/sys.s                      0x00000000   Number         0  libspace.o ABSOLUTE
    ../clib/angel/sys.s                      0x00000000   Number         0  tempstk.o ABSOLUTE
    ../clib/angel/sysapp.c                   0x00000000   Number         0  sys_command.o ABSOLUTE
    ../clib/angel/sysapp.c                   0x00000000   Number         0  sys_wrch.o ABSOLUTE
    ../clib/angel/sysapp.c                   0x00000000   Number         0  sys_exit.o ABSOLUTE
    ../clib/armsys.c                         0x00000000   Number         0  argv_veneer.o ABSOLUTE
    ../clib/armsys.c                         0x00000000   Number         0  no_argv.o ABSOLUTE
    ../clib/armsys.c                         0x00000000   Number         0  _get_argv_nomalloc.o ABSOLUTE
    ../clib/division.s                       0x00000000   Number         0  aeabi_sdiv_div0.o ABSOLUTE
    ../clib/division.s                       0x00000000   Number         0  aeabi_sdiv.o ABSOLUTE
    ../clib/heapalloc.c                      0x00000000   Number         0  hrguard.o ABSOLUTE
    ../clib/heapaux.c                        0x00000000   Number         0  heapauxi.o ABSOLUTE
    ../clib/libinit.s                        0x00000000   Number         0  libshutdown.o ABSOLUTE
    ../clib/libinit.s                        0x00000000   Number         0  libinit2.o ABSOLUTE
    ../clib/libinit.s                        0x00000000   Number         0  libshutdown2.o ABSOLUTE
    ../clib/libinit.s                        0x00000000   Number         0  libinit.o ABSOLUTE
    ../clib/memcpset.c                       0x00000000   Number         0  rt_memcpy.o ABSOLUTE
    ../clib/memcpset.c                       0x00000000   Number         0  rt_memcpy.o ABSOLUTE
    ../clib/memcpset.c                       0x00000000   Number         0  rt_memclr.o ABSOLUTE
    ../clib/signal.c                         0x00000000   Number         0  defsig_cppl_inner.o ABSOLUTE
    ../clib/signal.c                         0x00000000   Number         0  defsig_pvfn_inner.o ABSOLUTE
    ../clib/signal.c                         0x00000000   Number         0  defsig_abrt_inner.o ABSOLUTE
    ../clib/signal.c                         0x00000000   Number         0  defsig_exit.o ABSOLUTE
    ../clib/signal.c                         0x00000000   Number         0  defsig_fpe_formal.o ABSOLUTE
    ../clib/signal.c                         0x00000000   Number         0  defsig_fpe_outer.o ABSOLUTE
    ../clib/signal.c                         0x00000000   Number         0  defsig_rtred_inner.o ABSOLUTE
    ../clib/signal.c                         0x00000000   Number         0  defsig_rtmem_formal.o ABSOLUTE
    ../clib/signal.c                         0x00000000   Number         0  defsig_rtmem_outer.o ABSOLUTE
    ../clib/signal.c                         0x00000000   Number         0  defsig_stak_inner.o ABSOLUTE
    ../clib/signal.c                         0x00000000   Number         0  defsig_rtmem_inner.o ABSOLUTE
    ../clib/signal.c                         0x00000000   Number         0  __raise.o ABSOLUTE
    ../clib/signal.c                         0x00000000   Number         0  defsig_general.o ABSOLUTE
    ../clib/signal.c                         0x00000000   Number         0  defsig_other.o ABSOLUTE
    ../clib/signal.c                         0x00000000   Number         0  defsig_fpe_inner.o ABSOLUTE
    ../clib/signal.c                         0x00000000   Number         0  defsig_segv_inner.o ABSOLUTE
    ../clib/signal.s                         0x00000000   Number         0  defsig.o ABSOLUTE
    ../clib/stdlib.c                         0x00000000   Number         0  exit.o ABSOLUTE
    ../fplib/cfplib/fpinit.c                 0x00000000   Number         0  fpinit.o ABSOLUTE
    Device\Startup\startup_SKEAZ1284.s       0x00000000   Number         0  startup_skeaz1284.o ABSOLUTE
    Device\\sources\\system_SKEAZ1284.c      0x00000000   Number         0  system_skeaz1284.o ABSOLUTE
    Device\sources\system_SKEAZ1284.c        0x00000000   Number         0  system_skeaz1284.o ABSOLUTE
    Library\\sources\\acmp.c                 0x00000000   Number         0  acmp.o ABSOLUTE
    Library\\sources\\adc.c                  0x00000000   Number         0  adc.o ABSOLUTE
    Library\\sources\\crc.c                  0x00000000   Number         0  crc.o ABSOLUTE
    Library\\sources\\flash.c                0x00000000   Number         0  flash.o ABSOLUTE
    Library\\sources\\ftm.c                  0x00000000   Number         0  ftm.o ABSOLUTE
    Library\\sources\\i2c.c                  0x00000000   Number         0  i2c.o ABSOLUTE
    Library\\sources\\ics.c                  0x00000000   Number         0  ics.o ABSOLUTE
    Library\\sources\\kbi.c                  0x00000000   Number         0  kbi.o ABSOLUTE
    Library\\sources\\nvic.c                 0x00000000   Number         0  nvic.o ABSOLUTE
    Library\\sources\\pit.c                  0x00000000   Number         0  pit.o ABSOLUTE
    Library\\sources\\pmc.c                  0x00000000   Number         0  pmc.o ABSOLUTE
    Library\\sources\\pwt.c                  0x00000000   Number         0  pwt.o ABSOLUTE
    Library\\sources\\rtc.c                  0x00000000   Number         0  rtc.o ABSOLUTE
    Library\\sources\\spi.c                  0x00000000   Number         0  spi.o ABSOLUTE
    Library\\sources\\uart.c                 0x00000000   Number         0  uart.o ABSOLUTE
    Library\\sources\\wdog.c                 0x00000000   Number         0  wdog.o ABSOLUTE
    Library\sources\acmp.c                   0x00000000   Number         0  acmp.o ABSOLUTE
    Library\sources\adc.c                    0x00000000   Number         0  adc.o ABSOLUTE
    Library\sources\crc.c                    0x00000000   Number         0  crc.o ABSOLUTE
    Library\sources\flash.c                  0x00000000   Number         0  flash.o ABSOLUTE
    Library\sources\ftm.c                    0x00000000   Number         0  ftm.o ABSOLUTE
    Library\sources\i2c.c                    0x00000000   Number         0  i2c.o ABSOLUTE
    Library\sources\ics.c                    0x00000000   Number         0  ics.o ABSOLUTE
    Library\sources\kbi.c                    0x00000000   Number         0  kbi.o ABSOLUTE
    Library\sources\nvic.c                   0x00000000   Number         0  nvic.o ABSOLUTE
    Library\sources\pit.c                    0x00000000   Number         0  pit.o ABSOLUTE
    Library\sources\pmc.c                    0x00000000   Number         0  pmc.o ABSOLUTE
    Library\sources\pwt.c                    0x00000000   Number         0  pwt.o ABSOLUTE
    Library\sources\rtc.c                    0x00000000   Number         0  rtc.o ABSOLUTE
    Library\sources\spi.c                    0x00000000   Number         0  spi.o ABSOLUTE
    Library\sources\uart.c                   0x00000000   Number         0  uart.o ABSOLUTE
    Library\sources\wdog.c                   0x00000000   Number         0  wdog.o ABSOLUTE
    User\BSP\BSP_if.c                        0x00000000   Number         0  bsp_if.o ABSOLUTE
    User\CLK\CLK.c                           0x00000000   Number         0  clk.o ABSOLUTE
    User\CTP\CTP_ctrl.c                      0x00000000   Number         0  ctp_ctrl.o ABSOLUTE
    User\CTP\CTP_data.c                      0x00000000   Number         0  ctp_data.o ABSOLUTE
    User\CTP\CTP_if.c                        0x00000000   Number         0  ctp_if.o ABSOLUTE
    User\CTP\atmel_1189.c                    0x00000000   Number         0  atmel_1189.o ABSOLUTE
    User\Deserialize\deserialize_ctrl.c      0x00000000   Number         0  deserialize_ctrl.o ABSOLUTE
    User\Deserialize\deserialize_data.c      0x00000000   Number         0  deserialize_data.o ABSOLUTE
    User\Deserialize\deserialize_if.c        0x00000000   Number         0  deserialize_if.o ABSOLUTE
    User\Deserialize\deserialize_uart.c      0x00000000   Number         0  deserialize_uart.o ABSOLUTE
    User\FTM\FTM_ctrl.c                      0x00000000   Number         0  ftm_ctrl.o ABSOLUTE
    User\FTM\FTM_if.c                        0x00000000   Number         0  ftm_if.o ABSOLUTE
    User\LCD\LCD_ctrl.c                      0x00000000   Number         0  lcd_ctrl.o ABSOLUTE
    User\LCD\LCD_data.c                      0x00000000   Number         0  lcd_data.o ABSOLUTE
    User\LCD\LCD_if.c                        0x00000000   Number         0  lcd_if.o ABSOLUTE
    User\LED\LED_I2C.c                       0x00000000   Number         0  led_i2c.o ABSOLUTE
    User\LED\LED_ctrl.c                      0x00000000   Number         0  led_ctrl.o ABSOLUTE
    User\LED\LED_data.c                      0x00000000   Number         0  led_data.o ABSOLUTE
    User\LED\LED_if.c                        0x00000000   Number         0  led_if.o ABSOLUTE
    User\PIT\pit_if.c                        0x00000000   Number         0  pit_if.o ABSOLUTE
    User\Timer\timer_if.c                    0x00000000   Number         0  timer_if.o ABSOLUTE
    User\\BSP\\BSP_if.c                      0x00000000   Number         0  bsp_if.o ABSOLUTE
    User\\CLK\\CLK.c                         0x00000000   Number         0  clk.o ABSOLUTE
    User\\CTP\\CTP_ctrl.c                    0x00000000   Number         0  ctp_ctrl.o ABSOLUTE
    User\\CTP\\CTP_data.c                    0x00000000   Number         0  ctp_data.o ABSOLUTE
    User\\CTP\\CTP_if.c                      0x00000000   Number         0  ctp_if.o ABSOLUTE
    User\\CTP\\atmel_1189.c                  0x00000000   Number         0  atmel_1189.o ABSOLUTE
    User\\Deserialize\\deserialize_ctrl.c    0x00000000   Number         0  deserialize_ctrl.o ABSOLUTE
    User\\Deserialize\\deserialize_data.c    0x00000000   Number         0  deserialize_data.o ABSOLUTE
    User\\Deserialize\\deserialize_if.c      0x00000000   Number         0  deserialize_if.o ABSOLUTE
    User\\Deserialize\\deserialize_uart.c    0x00000000   Number         0  deserialize_uart.o ABSOLUTE
    User\\FTM\\FTM_ctrl.c                    0x00000000   Number         0  ftm_ctrl.o ABSOLUTE
    User\\FTM\\FTM_if.c                      0x00000000   Number         0  ftm_if.o ABSOLUTE
    User\\LCD\\LCD_ctrl.c                    0x00000000   Number         0  lcd_ctrl.o ABSOLUTE
    User\\LCD\\LCD_data.c                    0x00000000   Number         0  lcd_data.o ABSOLUTE
    User\\LCD\\LCD_if.c                      0x00000000   Number         0  lcd_if.o ABSOLUTE
    User\\LED\\LED_I2C.c                     0x00000000   Number         0  led_i2c.o ABSOLUTE
    User\\LED\\LED_ctrl.c                    0x00000000   Number         0  led_ctrl.o ABSOLUTE
    User\\LED\\LED_data.c                    0x00000000   Number         0  led_data.o ABSOLUTE
    User\\LED\\LED_if.c                      0x00000000   Number         0  led_if.o ABSOLUTE
    User\\PIT\\pit_if.c                      0x00000000   Number         0  pit_if.o ABSOLUTE
    User\\Timer\\timer_if.c                  0x00000000   Number         0  timer_if.o ABSOLUTE
    User\\main.c                             0x00000000   Number         0  main.o ABSOLUTE
    User\main.c                              0x00000000   Number         0  main.o ABSOLUTE
    dc.s                                     0x00000000   Number         0  dc.o ABSOLUTE
    !!!main                                  0x000000c0   Section        8  __main.o(!!!main)
    !!!scatter                               0x000000c8   Section       60  __scatter.o(!!!scatter)
    !!handler_copy                           0x00000104   Section       26  __scatter_copy.o(!!handler_copy)
    !!handler_zi                             0x00000120   Section       28  __scatter_zi.o(!!handler_zi)
    .ARM.Collect$$libinit$$00000000          0x0000013c   Section        2  libinit.o(.ARM.Collect$$libinit$$00000000)
    .ARM.Collect$$libinit$$00000002          0x0000013e   Section        0  libinit2.o(.ARM.Collect$$libinit$$00000002)
    .ARM.Collect$$libinit$$00000004          0x0000013e   Section        0  libinit2.o(.ARM.Collect$$libinit$$00000004)
    .ARM.Collect$$libinit$$0000000A          0x0000013e   Section        0  libinit2.o(.ARM.Collect$$libinit$$0000000A)
    .ARM.Collect$$libinit$$0000000C          0x0000013e   Section        0  libinit2.o(.ARM.Collect$$libinit$$0000000C)
    .ARM.Collect$$libinit$$0000000E          0x0000013e   Section        0  libinit2.o(.ARM.Collect$$libinit$$0000000E)
    .ARM.Collect$$libinit$$00000011          0x0000013e   Section        0  libinit2.o(.ARM.Collect$$libinit$$00000011)
    .ARM.Collect$$libinit$$00000013          0x0000013e   Section        0  libinit2.o(.ARM.Collect$$libinit$$00000013)
    .ARM.Collect$$libinit$$00000015          0x0000013e   Section        0  libinit2.o(.ARM.Collect$$libinit$$00000015)
    .ARM.Collect$$libinit$$00000017          0x0000013e   Section        0  libinit2.o(.ARM.Collect$$libinit$$00000017)
    .ARM.Collect$$libinit$$00000019          0x0000013e   Section        0  libinit2.o(.ARM.Collect$$libinit$$00000019)
    .ARM.Collect$$libinit$$0000001B          0x0000013e   Section        0  libinit2.o(.ARM.Collect$$libinit$$0000001B)
    .ARM.Collect$$libinit$$0000001D          0x0000013e   Section        0  libinit2.o(.ARM.Collect$$libinit$$0000001D)
    .ARM.Collect$$libinit$$0000001F          0x0000013e   Section        0  libinit2.o(.ARM.Collect$$libinit$$0000001F)
    .ARM.Collect$$libinit$$00000021          0x0000013e   Section        0  libinit2.o(.ARM.Collect$$libinit$$00000021)
    .ARM.Collect$$libinit$$00000023          0x0000013e   Section        0  libinit2.o(.ARM.Collect$$libinit$$00000023)
    .ARM.Collect$$libinit$$00000025          0x0000013e   Section        0  libinit2.o(.ARM.Collect$$libinit$$00000025)
    .ARM.Collect$$libinit$$0000002C          0x0000013e   Section        0  libinit2.o(.ARM.Collect$$libinit$$0000002C)
    .ARM.Collect$$libinit$$0000002E          0x0000013e   Section        0  libinit2.o(.ARM.Collect$$libinit$$0000002E)
    .ARM.Collect$$libinit$$00000030          0x0000013e   Section        0  libinit2.o(.ARM.Collect$$libinit$$00000030)
    .ARM.Collect$$libinit$$00000032          0x0000013e   Section        0  libinit2.o(.ARM.Collect$$libinit$$00000032)
    .ARM.Collect$$libinit$$00000033          0x0000013e   Section        2  libinit2.o(.ARM.Collect$$libinit$$00000033)
    .ARM.Collect$$libshutdown$$00000000      0x00000140   Section        2  libshutdown.o(.ARM.Collect$$libshutdown$$00000000)
    .ARM.Collect$$libshutdown$$00000002      0x00000142   Section        0  libshutdown2.o(.ARM.Collect$$libshutdown$$00000002)
    .ARM.Collect$$libshutdown$$00000004      0x00000142   Section        0  libshutdown2.o(.ARM.Collect$$libshutdown$$00000004)
    .ARM.Collect$$libshutdown$$00000007      0x00000142   Section        0  libshutdown2.o(.ARM.Collect$$libshutdown$$00000007)
    .ARM.Collect$$libshutdown$$0000000A      0x00000142   Section        0  libshutdown2.o(.ARM.Collect$$libshutdown$$0000000A)
    .ARM.Collect$$libshutdown$$0000000C      0x00000142   Section        0  libshutdown2.o(.ARM.Collect$$libshutdown$$0000000C)
    .ARM.Collect$$libshutdown$$0000000F      0x00000142   Section        0  libshutdown2.o(.ARM.Collect$$libshutdown$$0000000F)
    .ARM.Collect$$libshutdown$$00000010      0x00000142   Section        2  libshutdown2.o(.ARM.Collect$$libshutdown$$00000010)
    .ARM.Collect$$rtentry$$00000000          0x00000144   Section        0  __rtentry.o(.ARM.Collect$$rtentry$$00000000)
    .ARM.Collect$$rtentry$$00000002          0x00000144   Section        0  __rtentry2.o(.ARM.Collect$$rtentry$$00000002)
    .ARM.Collect$$rtentry$$00000004          0x00000144   Section        6  __rtentry4.o(.ARM.Collect$$rtentry$$00000004)
    .ARM.Collect$$rtentry$$00000009          0x0000014a   Section        0  __rtentry2.o(.ARM.Collect$$rtentry$$00000009)
    .ARM.Collect$$rtentry$$0000000A          0x0000014a   Section        4  __rtentry2.o(.ARM.Collect$$rtentry$$0000000A)
    .ARM.Collect$$rtentry$$0000000C          0x0000014e   Section        0  __rtentry2.o(.ARM.Collect$$rtentry$$0000000C)
    .ARM.Collect$$rtentry$$0000000D          0x0000014e   Section        8  __rtentry2.o(.ARM.Collect$$rtentry$$0000000D)
    .ARM.Collect$$rtexit$$00000000           0x00000156   Section        2  rtexit.o(.ARM.Collect$$rtexit$$00000000)
    .ARM.Collect$$rtexit$$00000002           0x00000158   Section        0  rtexit2.o(.ARM.Collect$$rtexit$$00000002)
    .ARM.Collect$$rtexit$$00000003           0x00000158   Section        4  rtexit2.o(.ARM.Collect$$rtexit$$00000003)
    .ARM.Collect$$rtexit$$00000004           0x0000015c   Section        6  rtexit2.o(.ARM.Collect$$rtexit$$00000004)
    .emb_text                                0x00000164   Section       56  rt_memcpy.o(.emb_text)
    .text                                    0x0000019c   Section       64  startup_skeaz1284.o(.text)
    .text                                    0x000001dc   Section        0  rt_memcpy.o(.text)
    .text                                    0x0000025e   Section        0  rt_memclr.o(.text)
    .text                                    0x0000029e   Section      346  aeabi_sdiv.o(.text)
    .text                                    0x000003f8   Section        0  heapauxi.o(.text)
    .text                                    0x000003fe   Section        2  use_no_semi.o(.text)
    .ARM.__at_0x400                          0x00000400   Section       16  startup_skeaz1284.o(.ARM.__at_0x400)
    .text                                    0x00000410   Section       62  sys_stackheap_outer.o(.text)
    .text                                    0x0000044e   Section        0  exit.o(.text)
    .text                                    0x00000460   Section        8  libspace.o(.text)
    .text                                    0x00000468   Section        0  sys_exit.o(.text)
    .text                                    0x00000474   Section        0  indicate_semi.o(.text)
    i.ACMP0_IRQHandler                       0x00000474   Section        0  acmp.o(i.ACMP0_IRQHandler)
    i.ACMP1_IRQHandler                       0x0000048c   Section        0  acmp.o(i.ACMP1_IRQHandler)
    i.ADC_IRQHandler                         0x000004a4   Section        0  adc.o(i.ADC_IRQHandler)
    i.Bsp_If_Init                            0x000004bc   Section        0  bsp_if.o(i.Bsp_If_Init)
    i.CTP_Ctrl_Cmd_Make                      0x000004d8   Section        0  ctp_ctrl.o(i.CTP_Ctrl_Cmd_Make)
    i.CTP_Ctrl_Cmd_Send                      0x000004e8   Section        0  ctp_ctrl.o(i.CTP_Ctrl_Cmd_Send)
    i.CTP_Ctrl_Init                          0x000004f8   Section        0  ctp_ctrl.o(i.CTP_Ctrl_Init)
    i.CTP_Ctrl_Task                          0x00000524   Section        0  ctp_ctrl.o(i.CTP_Ctrl_Task)
    i.CTP_Ctrl_Touch_Init                    0x00000548   Section        0  ctp_ctrl.o(i.CTP_Ctrl_Touch_Init)
    i.CTP_Data_Cmd_make                      0x0000057c   Section        0  ctp_data.o(i.CTP_Data_Cmd_make)
    i.CTP_Data_Enable_CHG                    0x0000075c   Section        0  ctp_data.o(i.CTP_Data_Enable_CHG)
    CTP_Data_Enable_CHG                      0x0000075d   Thumb Code    44  ctp_data.o(i.CTP_Data_Enable_CHG)
    i.CTP_Data_GPIO_Cfg                      0x00000790   Section        0  ctp_data.o(i.CTP_Data_GPIO_Cfg)
    CTP_Data_GPIO_Cfg                        0x00000791   Thumb Code    82  ctp_data.o(i.CTP_Data_GPIO_Cfg)
    i.CTP_Data_Init                          0x000007e8   Section        0  ctp_data.o(i.CTP_Data_Init)
    i.CTP_If_Cmd_Send                        0x0000083c   Section        0  ctp_if.o(i.CTP_If_Cmd_Send)
    i.CTP_If_Init                            0x0000084c   Section        0  ctp_if.o(i.CTP_If_Init)
    i.CTP_If_Task                            0x00000854   Section        0  ctp_if.o(i.CTP_If_Task)
    i.CTP_If_Touch_Init                      0x00000860   Section        0  ctp_if.o(i.CTP_If_Touch_Init)
    i.ChangeLineStatus                       0x00000868   Section        0  atmel_1189.o(i.ChangeLineStatus)
    i.Clk_Init                               0x00000878   Section        0  clk.o(i.Clk_Init)
    i.Deserialize_Ctrl_Backlight_Flag        0x000008cc   Section        0  deserialize_ctrl.o(i.Deserialize_Ctrl_Backlight_Flag)
    i.Deserialize_Ctrl_Backlight_Flag_update 0x000008d8   Section        0  deserialize_ctrl.o(i.Deserialize_Ctrl_Backlight_Flag_update)
    i.Deserialize_Ctrl_Cmd_Send              0x000008e4   Section        0  deserialize_ctrl.o(i.Deserialize_Ctrl_Cmd_Send)
    i.Deserialize_Ctrl_Get_Backlight         0x000008f4   Section        0  deserialize_ctrl.o(i.Deserialize_Ctrl_Get_Backlight)
    i.Deserialize_Ctrl_Init                  0x00000900   Section        0  deserialize_ctrl.o(i.Deserialize_Ctrl_Init)
    i.Deserialize_Data_GPIO_Init             0x00000908   Section        0  deserialize_data.o(i.Deserialize_Data_GPIO_Init)
    Deserialize_Data_GPIO_Init               0x00000909   Thumb Code   328  deserialize_data.o(i.Deserialize_Data_GPIO_Init)
    i.Deserialize_Data_Init                  0x00000a54   Section        0  deserialize_data.o(i.Deserialize_Data_Init)
    i.Deserialize_Data_Send                  0x00000a60   Section        0  deserialize_data.o(i.Deserialize_Data_Send)
    i.Deserialize_Data_Set_Backlight         0x00000a8c   Section        0  deserialize_data.o(i.Deserialize_Data_Set_Backlight)
    i.Deserialize_Data_Set_Cds               0x00000a98   Section        0  deserialize_data.o(i.Deserialize_Data_Set_Cds)
    i.Deserialize_If_Backlight_Flag          0x00000ac0   Section        0  deserialize_if.o(i.Deserialize_If_Backlight_Flag)
    i.Deserialize_If_Backlight_Flag_update   0x00000ac8   Section        0  deserialize_if.o(i.Deserialize_If_Backlight_Flag_update)
    i.Deserialize_If_Cmd_Send                0x00000ad4   Section        0  deserialize_if.o(i.Deserialize_If_Cmd_Send)
    i.Deserialize_If_Get_Backlight           0x00000ae4   Section        0  deserialize_if.o(i.Deserialize_If_Get_Backlight)
    i.Deserialize_If_Init                    0x00000aec   Section        0  deserialize_if.o(i.Deserialize_If_Init)
    i.Deserialize_UART_Init                  0x00000af4   Section        0  deserialize_uart.o(i.Deserialize_UART_Init)
    i.Deserialize_UART_Send_Data             0x00000b6c   Section        0  deserialize_uart.o(i.Deserialize_UART_Send_Data)
    i.Disable_Interrupt                      0x00000b94   Section        0  nvic.o(i.Disable_Interrupt)
    i.Enable_Interrupt                       0x00000bbc   Section        0  nvic.o(i.Enable_Interrupt)
    i.FTM0_IRQHandler                        0x00000be8   Section        0  ftm.o(i.FTM0_IRQHandler)
    i.FTM1_IRQHandler                        0x00000c00   Section        0  ftm.o(i.FTM1_IRQHandler)
    i.FTM2_IRQHandler                        0x00000c18   Section        0  ftm.o(i.FTM2_IRQHandler)
    i.FTM_ChannelInit                        0x00000c30   Section        0  ftm.o(i.FTM_ChannelInit)
    i.FTM_Ctrl_Init                          0x00000e34   Section        0  ftm_ctrl.o(i.FTM_Ctrl_Init)
    i.FTM_Ctrl_Set_LED_PWM                   0x00000ebc   Section        0  ftm_ctrl.o(i.FTM_Ctrl_Set_LED_PWM)
    i.FTM_If_Init                            0x00000ee0   Section        0  ftm_if.o(i.FTM_If_Init)
    i.FTM_If_Set_LED_PWM                     0x00000ee8   Section        0  ftm_if.o(i.FTM_If_Set_LED_PWM)
    i.FTM_Init                               0x00000ef4   Section        0  ftm.o(i.FTM_Init)
    i.FTM_SetChannelValue                    0x00000ff0   Section        0  ftm_ctrl.o(i.FTM_SetChannelValue)
    FTM_SetChannelValue                      0x00000ff1   Thumb Code    84  ftm_ctrl.o(i.FTM_SetChannelValue)
    i.I2C0_IRQHandler                        0x00001048   Section        0  i2c.o(i.I2C0_IRQHandler)
    i.I2C1_IRQHandler                        0x00001060   Section        0  i2c.o(i.I2C1_IRQHandler)
    i.I2C_ClearStatus                        0x00001084   Section        0  i2c.o(i.I2C_ClearStatus)
    I2C_ClearStatus                          0x00001085   Thumb Code     8  i2c.o(i.I2C_ClearStatus)
    i.I2C_GetStatus                          0x0000108c   Section        0  i2c.o(i.I2C_GetStatus)
    I2C_GetStatus                            0x0000108d   Thumb Code     6  i2c.o(i.I2C_GetStatus)
    i.I2C_Init                               0x00001094   Section        0  i2c.o(i.I2C_Init)
    i.I2C_IntDisable                         0x000011b8   Section        0  i2c.o(i.I2C_IntDisable)
    i.I2C_IntEnable                          0x000011ec   Section        0  i2c.o(i.I2C_IntEnable)
    i.I2C_IsBusy                             0x00001220   Section        0  i2c.o(i.I2C_IsBusy)
    I2C_IsBusy                               0x00001221   Thumb Code    10  i2c.o(i.I2C_IsBusy)
    i.I2C_MasterReadWait                     0x0000122a   Section        0  i2c.o(i.I2C_MasterReadWait)
    i.I2C_MasterSendWait                     0x000012a4   Section        0  i2c.o(i.I2C_MasterSendWait)
    i.I2C_ReadOneByte                        0x000012f4   Section        0  i2c.o(i.I2C_ReadOneByte)
    i.I2C_RxEnable                           0x00001384   Section        0  i2c.o(i.I2C_RxEnable)
    I2C_RxEnable                             0x00001385   Thumb Code    10  i2c.o(i.I2C_RxEnable)
    i.I2C_SendAck                            0x0000138e   Section        0  i2c.o(i.I2C_SendAck)
    I2C_SendAck                              0x0000138f   Thumb Code    10  i2c.o(i.I2C_SendAck)
    i.I2C_SetSCLLowTimeout                   0x00001398   Section        0  i2c.o(i.I2C_SetSCLLowTimeout)
    i.I2C_SetSlaveAddress                    0x000013a0   Section        0  i2c.o(i.I2C_SetSlaveAddress)
    i.I2C_Start                              0x000013b8   Section        0  i2c.o(i.I2C_Start)
    i.I2C_Stop                               0x000013f4   Section        0  i2c.o(i.I2C_Stop)
    i.I2C_TxEnable                           0x0000142c   Section        0  i2c.o(i.I2C_TxEnable)
    I2C_TxEnable                             0x0000142d   Thumb Code    10  i2c.o(i.I2C_TxEnable)
    i.I2C_WriteOneByte                       0x00001438   Section        0  i2c.o(i.I2C_WriteOneByte)
    i.KBI0_IRQHandler                        0x000014c0   Section        0  kbi.o(i.KBI0_IRQHandler)
    i.KBI1_IRQHandler                        0x000014e4   Section        0  kbi.o(i.KBI1_IRQHandler)
    i.LCD_Ctrl_Init                          0x00001508   Section        0  lcd_ctrl.o(i.LCD_Ctrl_Init)
    i.LCD_Ctrl_Register_Set                  0x00001518   Section        0  lcd_ctrl.o(i.LCD_Ctrl_Register_Set)
    i.LCD_Data_Cs_Init                       0x00001590   Section        0  lcd_data.o(i.LCD_Data_Cs_Init)
    LCD_Data_Cs_Init                         0x00001591   Thumb Code    30  lcd_data.o(i.LCD_Data_Cs_Init)
    i.LCD_Data_GPIO_Init                     0x000015b4   Section        0  lcd_data.o(i.LCD_Data_GPIO_Init)
    LCD_Data_GPIO_Init                       0x000015b5   Thumb Code   170  lcd_data.o(i.LCD_Data_GPIO_Init)
    i.LCD_Data_GPIO_Standby_High             0x00001668   Section        0  lcd_data.o(i.LCD_Data_GPIO_Standby_High)
    i.LCD_Data_Init                          0x00001688   Section        0  lcd_data.o(i.LCD_Data_Init)
    i.LCD_Data_Register_Read                 0x000016f4   Section        0  lcd_data.o(i.LCD_Data_Register_Read)
    i.LCD_Data_Register_Write                0x000017a8   Section        0  lcd_data.o(i.LCD_Data_Register_Write)
    i.LCD_If_Init                            0x00001848   Section        0  lcd_if.o(i.LCD_If_Init)
    i.LED_Ctrl_Init                          0x00001850   Section        0  led_ctrl.o(i.LED_Ctrl_Init)
    i.LED_Data_I2C_Init                      0x00001858   Section        0  led_data.o(i.LED_Data_I2C_Init)
    i.LED_I2C_GPIO_Init                      0x00001860   Section        0  led_i2c.o(i.LED_I2C_GPIO_Init)
    LED_I2C_GPIO_Init                        0x00001861   Thumb Code   114  led_i2c.o(i.LED_I2C_GPIO_Init)
    i.LED_I2C_Init                           0x000018e0   Section        0  led_i2c.o(i.LED_I2C_Init)
    i.LED_If_Init                            0x000018e8   Section        0  led_if.o(i.LED_If_Init)
    i.LED_If_Task                            0x000018f0   Section        0  led_if.o(i.LED_If_Task)
    i.PIT_CH0_IRQHandler                     0x00001910   Section        0  pit.o(i.PIT_CH0_IRQHandler)
    i.PIT_CH1_IRQHandler                     0x0000192c   Section        0  pit.o(i.PIT_CH1_IRQHandler)
    i.PIT_ChannelClrFlags                    0x00001948   Section        0  pit.o(i.PIT_ChannelClrFlags)
    PIT_ChannelClrFlags                      0x00001949   Thumb Code    22  pit.o(i.PIT_ChannelClrFlags)
    i.PWT_IRQHandler                         0x00001964   Section        0  pwt.o(i.PWT_IRQHandler)
    i.RTC_ClrFlags                           0x0000197c   Section        0  rtc.o(i.RTC_ClrFlags)
    RTC_ClrFlags                             0x0000197d   Thumb Code    14  rtc.o(i.RTC_ClrFlags)
    i.RTC_IRQHandler                         0x00001990   Section        0  rtc.o(i.RTC_IRQHandler)
    i.SPI0_IRQHandler                        0x000019ac   Section        0  spi.o(i.SPI0_IRQHandler)
    i.SPI1_IRQHandler                        0x000019c4   Section        0  spi.o(i.SPI1_IRQHandler)
    i.SPI_BidirOutEnable                     0x000019dc   Section        0  lcd_data.o(i.SPI_BidirOutEnable)
    SPI_BidirOutEnable                       0x000019dd   Thumb Code    10  lcd_data.o(i.SPI_BidirOutEnable)
    i.SPI_Init                               0x000019e8   Section        0  spi.o(i.SPI_Init)
    i.SPI_IsSPRF                             0x00001ba0   Section        0  lcd_data.o(i.SPI_IsSPRF)
    SPI_IsSPRF                               0x00001ba1   Thumb Code    10  lcd_data.o(i.SPI_IsSPRF)
    i.SPI_IsSPTEF                            0x00001baa   Section        0  lcd_data.o(i.SPI_IsSPTEF)
    SPI_IsSPTEF                              0x00001bab   Thumb Code    10  lcd_data.o(i.SPI_IsSPTEF)
    i.SPI_ModfEnable                         0x00001bb4   Section        0  spi.o(i.SPI_ModfEnable)
    SPI_ModfEnable                           0x00001bb5   Thumb Code    10  spi.o(i.SPI_ModfEnable)
    i.SPI_ReadDataReg                        0x00001bbe   Section        0  lcd_data.o(i.SPI_ReadDataReg)
    SPI_ReadDataReg                          0x00001bbf   Thumb Code     6  lcd_data.o(i.SPI_ReadDataReg)
    i.SPI_SetBaudRate                        0x00001bc4   Section        0  spi.o(i.SPI_SetBaudRate)
    i.SPI_SetClockPhase                      0x00001c2e   Section        0  spi.o(i.SPI_SetClockPhase)
    SPI_SetClockPhase                        0x00001c2f   Thumb Code    24  spi.o(i.SPI_SetClockPhase)
    i.SPI_SetClockPol                        0x00001c46   Section        0  spi.o(i.SPI_SetClockPol)
    SPI_SetClockPol                          0x00001c47   Thumb Code    24  spi.o(i.SPI_SetClockPol)
    i.SPI_WriteDataReg                       0x00001c5e   Section        0  lcd_data.o(i.SPI_WriteDataReg)
    SPI_WriteDataReg                         0x00001c5f   Thumb Code     4  lcd_data.o(i.SPI_WriteDataReg)
    i.SystemInit                             0x00001c64   Section        0  system_skeaz1284.o(i.SystemInit)
    i.Timer_If_Delay                         0x00001cd4   Section        0  timer_if.o(i.Timer_If_Delay)
    i.UART0_IRQHandler                       0x00001ce0   Section        0  deserialize_uart.o(i.UART0_IRQHandler)
    i.UART1_IRQHandler                       0x00001dd4   Section        0  uart.o(i.UART1_IRQHandler)
    i.UART2_IRQHandler                       0x00001de4   Section        0  uart.o(i.UART2_IRQHandler)
    i.UART_Init                              0x00001df4   Section        0  uart.o(i.UART_Init)
    i.Uart0_GetChar                          0x00001f1c   Section        0  deserialize_uart.o(i.Uart0_GetChar)
    Uart0_GetChar                            0x00001f1d   Thumb Code    24  deserialize_uart.o(i.Uart0_GetChar)
    i.Uart0_SendChar                         0x00001f38   Section        0  deserialize_uart.o(i.Uart0_SendChar)
    Uart0_SendChar                           0x00001f39   Thumb Code    24  deserialize_uart.o(i.Uart0_SendChar)
    i.WDOG_IRQHandler                        0x00001f54   Section        0  wdog.o(i.WDOG_IRQHandler)
    i.__ARM_common_switch8                   0x00001f7c   Section        0  atmel_1189.o(i.__ARM_common_switch8)
    i.address_slave                          0x00001f98   Section        0  atmel_1189.o(i.address_slave)
    i.get_build_number                       0x00002000   Section        0  atmel_1189.o(i.get_build_number)
    i.get_family_id                          0x00002010   Section        0  atmel_1189.o(i.get_family_id)
    i.get_max_report_id                      0x00002020   Section        0  atmel_1189.o(i.get_max_report_id)
    i.get_message                            0x0000202c   Section        0  atmel_1189.o(i.get_message)
    i.get_object_address                     0x000020c8   Section        0  atmel_1189.o(i.get_object_address)
    i.get_touch_message_for_PSA              0x0000212c   Section        0  atmel_1189.o(i.get_touch_message_for_PSA)
    i.get_variant_id                         0x00002264   Section        0  atmel_1189.o(i.get_variant_id)
    i.get_version                            0x00002274   Section        0  atmel_1189.o(i.get_version)
    i.i2c_master_read                        0x00002284   Section        0  atmel_1189.o(i.i2c_master_read)
    i.i2c_master_write                       0x000022ac   Section        0  atmel_1189.o(i.i2c_master_write)
    i.init_touch_app                         0x000022d4   Section        0  atmel_1189.o(i.init_touch_app)
    i.init_touch_driver                      0x00002330   Section        0  atmel_1189.o(i.init_touch_driver)
    i.main                                   0x000025e4   Section        0  main.o(i.main)
    i.message_handler                        0x000025f8   Section        0  atmel_1189.o(i.message_handler)
    i.read_id_block                          0x00002680   Section        0  atmel_1189.o(i.read_id_block)
    i.read_mem                               0x0000270c   Section        0  atmel_1189.o(i.read_mem)
    i.read_uint16_t                          0x000027e8   Section        0  atmel_1189.o(i.read_uint16_t)
    i.report_id_to_type                      0x00002804   Section        0  atmel_1189.o(i.report_id_to_type)
    .constdata                               0x0000282c   Section       10  lcd_ctrl.o(.constdata)
    .data                                    0x1ffff000   Section        8  acmp.o(.data)
    .data                                    0x1ffff008   Section        4  adc.o(.data)
    .data                                    0x1ffff00c   Section       12  ftm.o(.data)
    pFTM0                                    0x1ffff00c   Data           4  ftm.o(.data)
    pFTM1                                    0x1ffff010   Data           4  ftm.o(.data)
    pFTM2                                    0x1ffff014   Data           4  ftm.o(.data)
    .data                                    0x1ffff018   Section       16  i2c.o(.data)
    I2C_Callback                             0x1ffff018   Data           8  i2c.o(.data)
    pI2C0                                    0x1ffff020   Data           4  i2c.o(.data)
    pI2C1                                    0x1ffff024   Data           4  i2c.o(.data)
    .data                                    0x1ffff028   Section       24  kbi.o(.data)
    pKBI0                                    0x1ffff038   Data           4  kbi.o(.data)
    pKBI1                                    0x1ffff03c   Data           4  kbi.o(.data)
    .data                                    0x1ffff040   Section        8  pit.o(.data)
    .data                                    0x1ffff048   Section        4  pwt.o(.data)
    .data                                    0x1ffff04c   Section        4  rtc.o(.data)
    .data                                    0x1ffff050   Section        8  spi.o(.data)
    .data                                    0x1ffff058   Section        4  wdog.o(.data)
    .data                                    0x1ffff05c   Section        1  led_i2c.o(.data)
    Power_state                              0x1ffff05c   Data           1  led_i2c.o(.data)
    .data                                    0x1ffff05d   Section        1  ftm_ctrl.o(.data)
    FTM_INIT_FLAG                            0x1ffff05d   Data           1  ftm_ctrl.o(.data)
    .data                                    0x1ffff060   Section       40  atmel_1189.o(.data)
    max_report_id                            0x1ffff060   Data           4  atmel_1189.o(.data)
    max_message_length_T5                    0x1ffff064   Data           1  atmel_1189.o(.data)
    message_processor_address_T5             0x1ffff066   Data           2  atmel_1189.o(.data)
    first_read                               0x1ffff07d   Data           1  atmel_1189.o(.data)
    txtmp                                    0x1ffff080   Data           4  atmel_1189.o(.data)
    rxtmp                                    0x1ffff084   Data           4  atmel_1189.o(.data)
    .data                                    0x1ffff088   Section        2  deserialize_data.o(.data)
    .data                                    0x1ffff08a   Section        1  ctp_ctrl.o(.data)
    Chip_Detected_Flag                       0x1ffff08a   Data           1  ctp_ctrl.o(.data)
    .bss                                     0x1ffff08c   Section       12  ftm.o(.bss)
    .bss                                     0x1ffff098   Section       36  uart.o(.bss)
    .bss                                     0x1ffff0bc   Section      492  atmel_1189.o(.bss)
    report_id_map                            0x1ffff0cc   Data         200  atmel_1189.o(.bss)
    .bss                                     0x1ffff2a8   Section      260  deserialize_uart.o(.bss)
    receive_buf                              0x1ffff2a8   Data         260  deserialize_uart.o(.bss)
    .bss                                     0x1ffff3ac   Section      603  ctp_ctrl.o(.bss)
    .bss                                     0x1ffff608   Section       96  libspace.o(.bss)
    HEAP                                     0x1ffff668   Section        0  startup_skeaz1284.o(HEAP)
    STACK                                    0x1ffff668   Section     1024  startup_skeaz1284.o(STACK)
    Heap_Mem                                 0x1ffff668   Data           0  startup_skeaz1284.o(HEAP)
    Stack_Mem                                0x1ffff668   Data        1024  startup_skeaz1284.o(STACK)
    __initial_sp                             0x1ffffa68   Data           0  startup_skeaz1284.o(STACK)

    Global Symbols

    Symbol Name                              Value     Ov Type        Size  Object(Section)

    BuildAttributes$$THM_ISAv3M$S$PE$A:L22$X:L11$S22$IEEE1$IW$USESV6$~STKCKD$USESV7$~SHL$OSPACE$ROPI$EBA8$UX$STANDARDLIB$REQ8$PRES8$EABIv2 0x00000000   Number         0  anon$$obj.o ABSOLUTE
    __ARM_use_no_argv                        0x00000000   Number         0  main.o ABSOLUTE
    __Vectors                                0x00000000   Data           4  startup_skeaz1284.o(RESET)
    __ARM_exceptions_init                     - Undefined Weak Reference
    __alloca_initialize                       - Undefined Weak Reference
    __arm_preinit_                            - Undefined Weak Reference
    __cpp_initialize__aeabi_                  - Undefined Weak Reference
    __cxa_finalize                            - Undefined Weak Reference
    __rt_locale                               - Undefined Weak Reference
    __sigvec_lookup                           - Undefined Weak Reference
    _atexit_init                              - Undefined Weak Reference
    _call_atexit_fns                          - Undefined Weak Reference
    _clock_init                               - Undefined Weak Reference
    _fp_trap_init                             - Undefined Weak Reference
    _fp_trap_shutdown                         - Undefined Weak Reference
    _get_lc_collate                           - Undefined Weak Reference
    _get_lc_ctype                             - Undefined Weak Reference
    _get_lc_monetary                          - Undefined Weak Reference
    _get_lc_numeric                           - Undefined Weak Reference
    _get_lc_time                              - Undefined Weak Reference
    _getenv_init                              - Undefined Weak Reference
    _handle_redirection                       - Undefined Weak Reference
    _init_alloc                               - Undefined Weak Reference
    _init_user_alloc                          - Undefined Weak Reference
    _initio                                   - Undefined Weak Reference
    _rand_init                                - Undefined Weak Reference
    _signal_finish                            - Undefined Weak Reference
    _signal_init                              - Undefined Weak Reference
    _terminate_alloc                          - Undefined Weak Reference
    _terminate_user_alloc                     - Undefined Weak Reference
    _terminateio                              - Undefined Weak Reference
    __Vectors_End                            0x000000c0   Data           0  startup_skeaz1284.o(RESET)
    __Vectors_Size                           0x000000c0   Number         0  startup_skeaz1284.o ABSOLUTE
    __main                                   0x000000c1   Thumb Code     8  __main.o(!!!main)
    __scatterload                            0x000000c9   Thumb Code     0  __scatter.o(!!!scatter)
    __scatterload_rt2                        0x000000c9   Thumb Code    52  __scatter.o(!!!scatter)
    __scatterload_rt2_thumb_only             0x000000c9   Thumb Code     0  __scatter.o(!!!scatter)
    __scatterload_null                       0x000000d9   Thumb Code     0  __scatter.o(!!!scatter)
    __scatterload_copy                       0x00000105   Thumb Code    26  __scatter_copy.o(!!handler_copy)
    __scatterload_zeroinit                   0x00000121   Thumb Code    28  __scatter_zi.o(!!handler_zi)
    __rt_lib_init                            0x0000013d   Thumb Code     0  libinit.o(.ARM.Collect$$libinit$$00000000)
    __rt_lib_init_alloca_1                   0x0000013f   Thumb Code     0  libinit2.o(.ARM.Collect$$libinit$$0000002E)
    __rt_lib_init_argv_1                     0x0000013f   Thumb Code     0  libinit2.o(.ARM.Collect$$libinit$$0000002C)
    __rt_lib_init_atexit_1                   0x0000013f   Thumb Code     0  libinit2.o(.ARM.Collect$$libinit$$0000001B)
    __rt_lib_init_clock_1                    0x0000013f   Thumb Code     0  libinit2.o(.ARM.Collect$$libinit$$00000021)
    __rt_lib_init_cpp_1                      0x0000013f   Thumb Code     0  libinit2.o(.ARM.Collect$$libinit$$00000032)
    __rt_lib_init_exceptions_1               0x0000013f   Thumb Code     0  libinit2.o(.ARM.Collect$$libinit$$00000030)
    __rt_lib_init_fp_1                       0x0000013f   Thumb Code     0  libinit2.o(.ARM.Collect$$libinit$$00000002)
    __rt_lib_init_fp_trap_1                  0x0000013f   Thumb Code     0  libinit2.o(.ARM.Collect$$libinit$$0000001F)
    __rt_lib_init_getenv_1                   0x0000013f   Thumb Code     0  libinit2.o(.ARM.Collect$$libinit$$00000023)
    __rt_lib_init_heap_1                     0x0000013f   Thumb Code     0  libinit2.o(.ARM.Collect$$libinit$$0000000A)
    __rt_lib_init_lc_collate_1               0x0000013f   Thumb Code     0  libinit2.o(.ARM.Collect$$libinit$$00000011)
    __rt_lib_init_lc_ctype_1                 0x0000013f   Thumb Code     0  libinit2.o(.ARM.Collect$$libinit$$00000013)
    __rt_lib_init_lc_monetary_1              0x0000013f   Thumb Code     0  libinit2.o(.ARM.Collect$$libinit$$00000015)
    __rt_lib_init_lc_numeric_1               0x0000013f   Thumb Code     0  libinit2.o(.ARM.Collect$$libinit$$00000017)
    __rt_lib_init_lc_time_1                  0x0000013f   Thumb Code     0  libinit2.o(.ARM.Collect$$libinit$$00000019)
    __rt_lib_init_preinit_1                  0x0000013f   Thumb Code     0  libinit2.o(.ARM.Collect$$libinit$$00000004)
    __rt_lib_init_rand_1                     0x0000013f   Thumb Code     0  libinit2.o(.ARM.Collect$$libinit$$0000000E)
    __rt_lib_init_return                     0x0000013f   Thumb Code     0  libinit2.o(.ARM.Collect$$libinit$$00000033)
    __rt_lib_init_signal_1                   0x0000013f   Thumb Code     0  libinit2.o(.ARM.Collect$$libinit$$0000001D)
    __rt_lib_init_stdio_1                    0x0000013f   Thumb Code     0  libinit2.o(.ARM.Collect$$libinit$$00000025)
    __rt_lib_init_user_alloc_1               0x0000013f   Thumb Code     0  libinit2.o(.ARM.Collect$$libinit$$0000000C)
    __rt_lib_shutdown                        0x00000141   Thumb Code     0  libshutdown.o(.ARM.Collect$$libshutdown$$00000000)
    __rt_lib_shutdown_cpp_1                  0x00000143   Thumb Code     0  libshutdown2.o(.ARM.Collect$$libshutdown$$00000002)
    __rt_lib_shutdown_fp_trap_1              0x00000143   Thumb Code     0  libshutdown2.o(.ARM.Collect$$libshutdown$$00000007)
    __rt_lib_shutdown_heap_1                 0x00000143   Thumb Code     0  libshutdown2.o(.ARM.Collect$$libshutdown$$0000000F)
    __rt_lib_shutdown_return                 0x00000143   Thumb Code     0  libshutdown2.o(.ARM.Collect$$libshutdown$$00000010)
    __rt_lib_shutdown_signal_1               0x00000143   Thumb Code     0  libshutdown2.o(.ARM.Collect$$libshutdown$$0000000A)
    __rt_lib_shutdown_stdio_1                0x00000143   Thumb Code     0  libshutdown2.o(.ARM.Collect$$libshutdown$$00000004)
    __rt_lib_shutdown_user_alloc_1           0x00000143   Thumb Code     0  libshutdown2.o(.ARM.Collect$$libshutdown$$0000000C)
    __rt_entry                               0x00000145   Thumb Code     0  __rtentry.o(.ARM.Collect$$rtentry$$00000000)
    __rt_entry_presh_1                       0x00000145   Thumb Code     0  __rtentry2.o(.ARM.Collect$$rtentry$$00000002)
    __rt_entry_sh                            0x00000145   Thumb Code     0  __rtentry4.o(.ARM.Collect$$rtentry$$00000004)
    __rt_entry_li                            0x0000014b   Thumb Code     0  __rtentry2.o(.ARM.Collect$$rtentry$$0000000A)
    __rt_entry_postsh_1                      0x0000014b   Thumb Code     0  __rtentry2.o(.ARM.Collect$$rtentry$$00000009)
    __rt_entry_main                          0x0000014f   Thumb Code     0  __rtentry2.o(.ARM.Collect$$rtentry$$0000000D)
    __rt_entry_postli_1                      0x0000014f   Thumb Code     0  __rtentry2.o(.ARM.Collect$$rtentry$$0000000C)
    __rt_exit                                0x00000157   Thumb Code     0  rtexit.o(.ARM.Collect$$rtexit$$00000000)
    __rt_exit_ls                             0x00000159   Thumb Code     0  rtexit2.o(.ARM.Collect$$rtexit$$00000003)
    __rt_exit_prels_1                        0x00000159   Thumb Code     0  rtexit2.o(.ARM.Collect$$rtexit$$00000002)
    __rt_exit_exit                           0x0000015d   Thumb Code     0  rtexit2.o(.ARM.Collect$$rtexit$$00000004)
    __aeabi_memcpy4                          0x00000165   Thumb Code    56  rt_memcpy.o(.emb_text)
    __aeabi_memcpy8                          0x00000165   Thumb Code     0  rt_memcpy.o(.emb_text)
    init_data_bss                            0x0000019d   Thumb Code     2  startup_skeaz1284.o(.text)
    Reset_Handler                            0x0000019f   Thumb Code    12  startup_skeaz1284.o(.text)
    NMI_Handler                              0x000001ab   Thumb Code     2  startup_skeaz1284.o(.text)
    HardFault_Handler                        0x000001ad   Thumb Code     2  startup_skeaz1284.o(.text)
    SVC_Handler                              0x000001af   Thumb Code     2  startup_skeaz1284.o(.text)
    PendSV_Handler                           0x000001b1   Thumb Code     2  startup_skeaz1284.o(.text)
    SysTick_Handler                          0x000001b3   Thumb Code     2  startup_skeaz1284.o(.text)
    DefaultISR                               0x000001b5   Thumb Code     0  startup_skeaz1284.o(.text)
    FTMRE_IRQHandler                         0x000001b5   Thumb Code     0  startup_skeaz1284.o(.text)
    ICS_IRQHandler                           0x000001b5   Thumb Code     0  startup_skeaz1284.o(.text)
    IRQ_IRQHandler                           0x000001b5   Thumb Code     0  startup_skeaz1284.o(.text)
    MSCAN_RX_IRQHandler                      0x000001b5   Thumb Code     0  startup_skeaz1284.o(.text)
    MSCAN_TX_IRQHandler                      0x000001b5   Thumb Code     0  startup_skeaz1284.o(.text)
    PMC_IRQHandler                           0x000001b5   Thumb Code     0  startup_skeaz1284.o(.text)
    Reserved16_IRQHandler                    0x000001b5   Thumb Code     0  startup_skeaz1284.o(.text)
    Reserved17_IRQHandler                    0x000001b5   Thumb Code     0  startup_skeaz1284.o(.text)
    Reserved18_IRQHandler                    0x000001b5   Thumb Code     0  startup_skeaz1284.o(.text)
    Reserved19_IRQHandler                    0x000001b5   Thumb Code     0  startup_skeaz1284.o(.text)
    Reserved20_IRQHandler                    0x000001b5   Thumb Code     0  startup_skeaz1284.o(.text)
    Reserved42_IRQHandler                    0x000001b5   Thumb Code     0  startup_skeaz1284.o(.text)
    __user_initial_stackheap                 0x000001b9   Thumb Code     0  startup_skeaz1284.o(.text)
    __aeabi_memcpy                           0x000001dd   Thumb Code   130  rt_memcpy.o(.text)
    __rt_memcpy                              0x000001dd   Thumb Code     0  rt_memcpy.o(.text)
    _memset_w                                0x0000025f   Thumb Code    26  rt_memclr.o(.text)
    _memset                                  0x00000279   Thumb Code    30  rt_memclr.o(.text)
    __aeabi_memclr                           0x00000297   Thumb Code     4  rt_memclr.o(.text)
    __rt_memclr                              0x00000297   Thumb Code     0  rt_memclr.o(.text)
    __aeabi_memclr4                          0x0000029b   Thumb Code     0  rt_memclr.o(.text)
    __aeabi_memclr8                          0x0000029b   Thumb Code     0  rt_memclr.o(.text)
    __rt_memclr_w                            0x0000029b   Thumb Code     4  rt_memclr.o(.text)
    __aeabi_uidiv                            0x0000029f   Thumb Code     0  aeabi_sdiv.o(.text)
    __aeabi_uidivmod                         0x0000029f   Thumb Code    20  aeabi_sdiv.o(.text)
    __aeabi_idiv                             0x000002b3   Thumb Code     0  aeabi_sdiv.o(.text)
    __aeabi_idivmod                          0x000002b3   Thumb Code   326  aeabi_sdiv.o(.text)
    __use_two_region_memory                  0x000003f9   Thumb Code     2  heapauxi.o(.text)
    __rt_heap_escrow$2region                 0x000003fb   Thumb Code     2  heapauxi.o(.text)
    __rt_heap_expand$2region                 0x000003fd   Thumb Code     2  heapauxi.o(.text)
    __I$use$semihosting                      0x000003ff   Thumb Code     0  use_no_semi.o(.text)
    __use_no_semihosting_swi                 0x000003ff   Thumb Code     2  use_no_semi.o(.text)
    __user_setup_stackheap                   0x00000411   Thumb Code    62  sys_stackheap_outer.o(.text)
    exit                                     0x0000044f   Thumb Code    16  exit.o(.text)
    __user_libspace                          0x00000461   Thumb Code     8  libspace.o(.text)
    __user_perproc_libspace                  0x00000461   Thumb Code     0  libspace.o(.text)
    __user_perthread_libspace                0x00000461   Thumb Code     0  libspace.o(.text)
    _sys_exit                                0x00000469   Thumb Code     8  sys_exit.o(.text)
    ACMP0_IRQHandler                         0x00000475   Thumb Code    18  acmp.o(i.ACMP0_IRQHandler)
    __semihosting_library_function           0x00000475   Thumb Code     0  indicate_semi.o(.text)
    ACMP1_IRQHandler                         0x0000048d   Thumb Code    18  acmp.o(i.ACMP1_IRQHandler)
    ADC_IRQHandler                           0x000004a5   Thumb Code    18  adc.o(i.ADC_IRQHandler)
    Bsp_If_Init                              0x000004bd   Thumb Code    28  bsp_if.o(i.Bsp_If_Init)
    CTP_Ctrl_Cmd_Make                        0x000004d9   Thumb Code    10  ctp_ctrl.o(i.CTP_Ctrl_Cmd_Make)
    CTP_Ctrl_Cmd_Send                        0x000004e9   Thumb Code    16  ctp_ctrl.o(i.CTP_Ctrl_Cmd_Send)
    CTP_Ctrl_Init                            0x000004f9   Thumb Code    36  ctp_ctrl.o(i.CTP_Ctrl_Init)
    CTP_Ctrl_Task                            0x00000525   Thumb Code    26  ctp_ctrl.o(i.CTP_Ctrl_Task)
    CTP_Ctrl_Touch_Init                      0x00000549   Thumb Code    48  ctp_ctrl.o(i.CTP_Ctrl_Touch_Init)
    CTP_Data_Cmd_make                        0x0000057d   Thumb Code   476  ctp_data.o(i.CTP_Data_Cmd_make)
    CTP_Data_Init                            0x000007e9   Thumb Code    80  ctp_data.o(i.CTP_Data_Init)
    CTP_If_Cmd_Send                          0x0000083d   Thumb Code    16  ctp_if.o(i.CTP_If_Cmd_Send)
    CTP_If_Init                              0x0000084d   Thumb Code     8  ctp_if.o(i.CTP_If_Init)
    CTP_If_Task                              0x00000855   Thumb Code    12  ctp_if.o(i.CTP_If_Task)
    CTP_If_Touch_Init                        0x00000861   Thumb Code     8  ctp_if.o(i.CTP_If_Touch_Init)
    ChangeLineStatus                         0x00000869   Thumb Code    10  atmel_1189.o(i.ChangeLineStatus)
    Clk_Init                                 0x00000879   Thumb Code    72  clk.o(i.Clk_Init)
    Deserialize_Ctrl_Backlight_Flag          0x000008cd   Thumb Code     6  deserialize_ctrl.o(i.Deserialize_Ctrl_Backlight_Flag)
    Deserialize_Ctrl_Backlight_Flag_update   0x000008d9   Thumb Code     6  deserialize_ctrl.o(i.Deserialize_Ctrl_Backlight_Flag_update)
    Deserialize_Ctrl_Cmd_Send                0x000008e5   Thumb Code    16  deserialize_ctrl.o(i.Deserialize_Ctrl_Cmd_Send)
    Deserialize_Ctrl_Get_Backlight           0x000008f5   Thumb Code     6  deserialize_ctrl.o(i.Deserialize_Ctrl_Get_Backlight)
    Deserialize_Ctrl_Init                    0x00000901   Thumb Code     8  deserialize_ctrl.o(i.Deserialize_Ctrl_Init)
    Deserialize_Data_Init                    0x00000a55   Thumb Code    12  deserialize_data.o(i.Deserialize_Data_Init)
    Deserialize_Data_Send                    0x00000a61   Thumb Code    40  deserialize_data.o(i.Deserialize_Data_Send)
    Deserialize_Data_Set_Backlight           0x00000a8d   Thumb Code     8  deserialize_data.o(i.Deserialize_Data_Set_Backlight)
    Deserialize_Data_Set_Cds                 0x00000a99   Thumb Code    36  deserialize_data.o(i.Deserialize_Data_Set_Cds)
    Deserialize_If_Backlight_Flag            0x00000ac1   Thumb Code     8  deserialize_if.o(i.Deserialize_If_Backlight_Flag)
    Deserialize_If_Backlight_Flag_update     0x00000ac9   Thumb Code    12  deserialize_if.o(i.Deserialize_If_Backlight_Flag_update)
    Deserialize_If_Cmd_Send                  0x00000ad5   Thumb Code    16  deserialize_if.o(i.Deserialize_If_Cmd_Send)
    Deserialize_If_Get_Backlight             0x00000ae5   Thumb Code     8  deserialize_if.o(i.Deserialize_If_Get_Backlight)
    Deserialize_If_Init                      0x00000aed   Thumb Code     8  deserialize_if.o(i.Deserialize_If_Init)
    Deserialize_UART_Init                    0x00000af5   Thumb Code   106  deserialize_uart.o(i.Deserialize_UART_Init)
    Deserialize_UART_Send_Data               0x00000b6d   Thumb Code    38  deserialize_uart.o(i.Deserialize_UART_Send_Data)
    Disable_Interrupt                        0x00000b95   Thumb Code    36  nvic.o(i.Disable_Interrupt)
    Enable_Interrupt                         0x00000bbd   Thumb Code    34  nvic.o(i.Enable_Interrupt)
    FTM0_IRQHandler                          0x00000be9   Thumb Code    18  ftm.o(i.FTM0_IRQHandler)
    FTM1_IRQHandler                          0x00000c01   Thumb Code    18  ftm.o(i.FTM1_IRQHandler)
    FTM2_IRQHandler                          0x00000c19   Thumb Code    18  ftm.o(i.FTM2_IRQHandler)
    FTM_ChannelInit                          0x00000c31   Thumb Code   502  ftm.o(i.FTM_ChannelInit)
    FTM_Ctrl_Init                            0x00000e35   Thumb Code   120  ftm_ctrl.o(i.FTM_Ctrl_Init)
    FTM_Ctrl_Set_LED_PWM                     0x00000ebd   Thumb Code    28  ftm_ctrl.o(i.FTM_Ctrl_Set_LED_PWM)
    FTM_If_Init                              0x00000ee1   Thumb Code     8  ftm_if.o(i.FTM_If_Init)
    FTM_If_Set_LED_PWM                       0x00000ee9   Thumb Code    12  ftm_if.o(i.FTM_If_Set_LED_PWM)
    FTM_Init                                 0x00000ef5   Thumb Code   236  ftm.o(i.FTM_Init)
    I2C0_IRQHandler                          0x00001049   Thumb Code    18  i2c.o(i.I2C0_IRQHandler)
    I2C1_IRQHandler                          0x00001061   Thumb Code    26  i2c.o(i.I2C1_IRQHandler)
    I2C_Init                                 0x00001095   Thumb Code   280  i2c.o(i.I2C_Init)
    I2C_IntDisable                           0x000011b9   Thumb Code    44  i2c.o(i.I2C_IntDisable)
    I2C_IntEnable                            0x000011ed   Thumb Code    44  i2c.o(i.I2C_IntEnable)
    I2C_MasterReadWait                       0x0000122b   Thumb Code   122  i2c.o(i.I2C_MasterReadWait)
    I2C_MasterSendWait                       0x000012a5   Thumb Code    80  i2c.o(i.I2C_MasterSendWait)
    I2C_ReadOneByte                          0x000012f5   Thumb Code   138  i2c.o(i.I2C_ReadOneByte)
    I2C_SetSCLLowTimeout                     0x00001399   Thumb Code     8  i2c.o(i.I2C_SetSCLLowTimeout)
    I2C_SetSlaveAddress                      0x000013a1   Thumb Code    22  i2c.o(i.I2C_SetSlaveAddress)
    I2C_Start                                0x000013b9   Thumb Code    56  i2c.o(i.I2C_Start)
    I2C_Stop                                 0x000013f5   Thumb Code    50  i2c.o(i.I2C_Stop)
    I2C_WriteOneByte                         0x00001439   Thumb Code   130  i2c.o(i.I2C_WriteOneByte)
    KBI0_IRQHandler                          0x000014c1   Thumb Code    28  kbi.o(i.KBI0_IRQHandler)
    KBI1_IRQHandler                          0x000014e5   Thumb Code    28  kbi.o(i.KBI1_IRQHandler)
    LCD_Ctrl_Init                            0x00001509   Thumb Code    16  lcd_ctrl.o(i.LCD_Ctrl_Init)
    LCD_Ctrl_Register_Set                    0x00001519   Thumb Code   116  lcd_ctrl.o(i.LCD_Ctrl_Register_Set)
    LCD_Data_GPIO_Standby_High               0x00001669   Thumb Code    28  lcd_data.o(i.LCD_Data_GPIO_Standby_High)
    LCD_Data_Init                            0x00001689   Thumb Code    96  lcd_data.o(i.LCD_Data_Init)
    LCD_Data_Register_Read                   0x000016f5   Thumb Code   172  lcd_data.o(i.LCD_Data_Register_Read)
    LCD_Data_Register_Write                  0x000017a9   Thumb Code   150  lcd_data.o(i.LCD_Data_Register_Write)
    LCD_If_Init                              0x00001849   Thumb Code     8  lcd_if.o(i.LCD_If_Init)
    LED_Ctrl_Init                            0x00001851   Thumb Code     8  led_ctrl.o(i.LED_Ctrl_Init)
    LED_Data_I2C_Init                        0x00001859   Thumb Code     8  led_data.o(i.LED_Data_I2C_Init)
    LED_I2C_Init                             0x000018e1   Thumb Code     8  led_i2c.o(i.LED_I2C_Init)
    LED_If_Init                              0x000018e9   Thumb Code     8  led_if.o(i.LED_If_Init)
    LED_If_Task                              0x000018f1   Thumb Code    30  led_if.o(i.LED_If_Task)
    PIT_CH0_IRQHandler                       0x00001911   Thumb Code    24  pit.o(i.PIT_CH0_IRQHandler)
    PIT_CH1_IRQHandler                       0x0000192d   Thumb Code    24  pit.o(i.PIT_CH1_IRQHandler)
    PWT_IRQHandler                           0x00001965   Thumb Code    18  pwt.o(i.PWT_IRQHandler)
    RTC_IRQHandler                           0x00001991   Thumb Code    22  rtc.o(i.RTC_IRQHandler)
    SPI0_IRQHandler                          0x000019ad   Thumb Code    18  spi.o(i.SPI0_IRQHandler)
    SPI1_IRQHandler                          0x000019c5   Thumb Code    18  spi.o(i.SPI1_IRQHandler)
    SPI_Init                                 0x000019e9   Thumb Code   430  spi.o(i.SPI_Init)
    SPI_SetBaudRate                          0x00001bc5   Thumb Code   106  spi.o(i.SPI_SetBaudRate)
    SystemInit                               0x00001c65   Thumb Code    90  system_skeaz1284.o(i.SystemInit)
    Timer_If_Delay                           0x00001cd5   Thumb Code    12  timer_if.o(i.Timer_If_Delay)
    UART0_IRQHandler                         0x00001ce1   Thumb Code   226  deserialize_uart.o(i.UART0_IRQHandler)
    UART1_IRQHandler                         0x00001dd5   Thumb Code    10  uart.o(i.UART1_IRQHandler)
    UART2_IRQHandler                         0x00001de5   Thumb Code    10  uart.o(i.UART2_IRQHandler)
    UART_Init                                0x00001df5   Thumb Code   278  uart.o(i.UART_Init)
    WDOG_IRQHandler                          0x00001f55   Thumb Code    30  wdog.o(i.WDOG_IRQHandler)
    __ARM_common_switch8                     0x00001f7d   Thumb Code    28  atmel_1189.o(i.__ARM_common_switch8)
    address_slave                            0x00001f99   Thumb Code    98  atmel_1189.o(i.address_slave)
    get_build_number                         0x00002001   Thumb Code    12  atmel_1189.o(i.get_build_number)
    get_family_id                            0x00002011   Thumb Code    12  atmel_1189.o(i.get_family_id)
    get_max_report_id                        0x00002021   Thumb Code     6  atmel_1189.o(i.get_max_report_id)
    get_message                              0x0000202d   Thumb Code   128  atmel_1189.o(i.get_message)
    get_object_address                       0x000020c9   Thumb Code    94  atmel_1189.o(i.get_object_address)
    get_touch_message_for_PSA                0x0000212d   Thumb Code   292  atmel_1189.o(i.get_touch_message_for_PSA)
    get_variant_id                           0x00002265   Thumb Code    12  atmel_1189.o(i.get_variant_id)
    get_version                              0x00002275   Thumb Code    12  atmel_1189.o(i.get_version)
    i2c_master_read                          0x00002285   Thumb Code    36  atmel_1189.o(i.i2c_master_read)
    i2c_master_write                         0x000022ad   Thumb Code    34  atmel_1189.o(i.i2c_master_write)
    init_touch_app                           0x000022d5   Thumb Code    86  atmel_1189.o(i.init_touch_app)
    init_touch_driver                        0x00002331   Thumb Code   650  atmel_1189.o(i.init_touch_driver)
    main                                     0x000025e5   Thumb Code    20  main.o(i.main)
    message_handler                          0x000025f9   Thumb Code   118  atmel_1189.o(i.message_handler)
    read_id_block                            0x00002681   Thumb Code   140  atmel_1189.o(i.read_id_block)
    read_mem                                 0x0000270d   Thumb Code   196  atmel_1189.o(i.read_mem)
    read_uint16_t                            0x000027e9   Thumb Code    26  atmel_1189.o(i.read_uint16_t)
    report_id_to_type                        0x00002805   Thumb Code    30  atmel_1189.o(i.report_id_to_type)
    Region$$Table$$Base                      0x00002838   Number         0  anon$$obj.o(Region$$Table)
    Region$$Table$$Limit                     0x00002858   Number         0  anon$$obj.o(Region$$Table)
    ACMP_Callback                            0x1ffff000   Data           8  acmp.o(.data)
    ADC_Callback                             0x1ffff008   Data           4  adc.o(.data)
    KBI_Callback                             0x1ffff028   Data           8  kbi.o(.data)
    u8Port                                   0x1ffff030   Data           4  kbi.o(.data)
    sc                                       0x1ffff034   Data           4  kbi.o(.data)
    PIT_Callback                             0x1ffff040   Data           8  pit.o(.data)
    PWT_Callback                             0x1ffff048   Data           4  pwt.o(.data)
    RTC_Callback                             0x1ffff04c   Data           4  rtc.o(.data)
    SPI_Callback                             0x1ffff050   Data           8  spi.o(.data)
    WDOG_Callback                            0x1ffff058   Data           4  wdog.o(.data)
    max_message_length_T44                   0x1ffff065   Data           1  atmel_1189.o(.data)
    message_processor_address_T44            0x1ffff068   Data           2  atmel_1189.o(.data)
    command_processor_address                0x1ffff06a   Data           2  atmel_1189.o(.data)
    driver_setup                             0x1ffff06c   Data           1  atmel_1189.o(.data)
    QT_i2c_address                           0x1ffff06d   Data           1  atmel_1189.o(.data)
    QT_i2c_boot_address                      0x1ffff06e   Data           1  atmel_1189.o(.data)
    x_pos                                    0x1ffff070   Data           2  atmel_1189.o(.data)
    y_pos                                    0x1ffff072   Data           2  atmel_1189.o(.data)
    s_t9sts                                  0x1ffff074   Data           2  atmel_1189.o(.data)
    address_pointer                          0x1ffff076   Data           2  atmel_1189.o(.data)
    TwiWaitTimer                             0x1ffff078   Data           1  atmel_1189.o(.data)
    i2c_addresses                            0x1ffff079   Data           4  atmel_1189.o(.data)
    Deserialize_Data_Backlight_sta           0x1ffff088   Data           2  deserialize_data.o(.data)
    FTM_Callback                             0x1ffff08c   Data          12  ftm.o(.bss)
    UART_TxDoneCallback                      0x1ffff098   Data          12  uart.o(.bss)
    UART_RxDoneCallback                      0x1ffff0a4   Data          12  uart.o(.bss)
    UART_Callback                            0x1ffff0b0   Data          12  uart.o(.bss)
    info_block                               0x1ffff0bc   Data          16  atmel_1189.o(.bss)
    msg                                      0x1ffff194   Data         256  atmel_1189.o(.bss)
    tmsg                                     0x1ffff294   Data          20  atmel_1189.o(.bss)
    Touch_Coordinate_Buf                     0x1ffff3ac   Data         603  ctp_ctrl.o(.bss)
    __libspace_start                         0x1ffff608   Data          96  libspace.o(.bss)
    __temporary_stack_top$libspace           0x1ffff668   Data           0  libspace.o(.bss)



==============================================================================

Memory Map of the image

  Image Entry point : 0x000000c1

  Load Region LR_IROM1 (Base: 0x00000000, Size: 0x000028e4, Max: 0x00020000, ABSOLUTE)

    Execution Region ER_IROM1 (Base: 0x00000000, Size: 0x00002858, Max: 0x00020000, ABSOLUTE)

    Base Addr    Size         Type   Attr      Idx    E Section Name        Object

    0x00000000   0x000000c0   Data   RO            3    RESET               startup_skeaz1284.o
    0x000000c0   0x00000008   Code   RO         2974  * !!!main             c_p.l(__main.o)
    0x000000c8   0x0000003c   Code   RO         3143    !!!scatter          c_p.l(__scatter.o)
    0x00000104   0x0000001a   Code   RO         3145    !!handler_copy      c_p.l(__scatter_copy.o)
    0x0000011e   0x00000002   PAD
    0x00000120   0x0000001c   Code   RO         3147    !!handler_zi        c_p.l(__scatter_zi.o)
    0x0000013c   0x00000002   Code   RO         3012    .ARM.Collect$$libinit$$00000000  c_p.l(libinit.o)
    0x0000013e   0x00000000   Code   RO         3026    .ARM.Collect$$libinit$$00000002  c_p.l(libinit2.o)
    0x0000013e   0x00000000   Code   RO         3028    .ARM.Collect$$libinit$$00000004  c_p.l(libinit2.o)
    0x0000013e   0x00000000   Code   RO         3031    .ARM.Collect$$libinit$$0000000A  c_p.l(libinit2.o)
    0x0000013e   0x00000000   Code   RO         3033    .ARM.Collect$$libinit$$0000000C  c_p.l(libinit2.o)
    0x0000013e   0x00000000   Code   RO         3035    .ARM.Collect$$libinit$$0000000E  c_p.l(libinit2.o)
    0x0000013e   0x00000000   Code   RO         3038    .ARM.Collect$$libinit$$00000011  c_p.l(libinit2.o)
    0x0000013e   0x00000000   Code   RO         3040    .ARM.Collect$$libinit$$00000013  c_p.l(libinit2.o)
    0x0000013e   0x00000000   Code   RO         3042    .ARM.Collect$$libinit$$00000015  c_p.l(libinit2.o)
    0x0000013e   0x00000000   Code   RO         3044    .ARM.Collect$$libinit$$00000017  c_p.l(libinit2.o)
    0x0000013e   0x00000000   Code   RO         3046    .ARM.Collect$$libinit$$00000019  c_p.l(libinit2.o)
    0x0000013e   0x00000000   Code   RO         3048    .ARM.Collect$$libinit$$0000001B  c_p.l(libinit2.o)
    0x0000013e   0x00000000   Code   RO         3050    .ARM.Collect$$libinit$$0000001D  c_p.l(libinit2.o)
    0x0000013e   0x00000000   Code   RO         3052    .ARM.Collect$$libinit$$0000001F  c_p.l(libinit2.o)
    0x0000013e   0x00000000   Code   RO         3054    .ARM.Collect$$libinit$$00000021  c_p.l(libinit2.o)
    0x0000013e   0x00000000   Code   RO         3056    .ARM.Collect$$libinit$$00000023  c_p.l(libinit2.o)
    0x0000013e   0x00000000   Code   RO         3058    .ARM.Collect$$libinit$$00000025  c_p.l(libinit2.o)
    0x0000013e   0x00000000   Code   RO         3062    .ARM.Collect$$libinit$$0000002C  c_p.l(libinit2.o)
    0x0000013e   0x00000000   Code   RO         3064    .ARM.Collect$$libinit$$0000002E  c_p.l(libinit2.o)
    0x0000013e   0x00000000   Code   RO         3066    .ARM.Collect$$libinit$$00000030  c_p.l(libinit2.o)
    0x0000013e   0x00000000   Code   RO         3068    .ARM.Collect$$libinit$$00000032  c_p.l(libinit2.o)
    0x0000013e   0x00000002   Code   RO         3069    .ARM.Collect$$libinit$$00000033  c_p.l(libinit2.o)
    0x00000140   0x00000002   Code   RO         3100    .ARM.Collect$$libshutdown$$00000000  c_p.l(libshutdown.o)
    0x00000142   0x00000000   Code   RO         3126    .ARM.Collect$$libshutdown$$00000002  c_p.l(libshutdown2.o)
    0x00000142   0x00000000   Code   RO         3128    .ARM.Collect$$libshutdown$$00000004  c_p.l(libshutdown2.o)
    0x00000142   0x00000000   Code   RO         3131    .ARM.Collect$$libshutdown$$00000007  c_p.l(libshutdown2.o)
    0x00000142   0x00000000   Code   RO         3134    .ARM.Collect$$libshutdown$$0000000A  c_p.l(libshutdown2.o)
    0x00000142   0x00000000   Code   RO         3136    .ARM.Collect$$libshutdown$$0000000C  c_p.l(libshutdown2.o)
    0x00000142   0x00000000   Code   RO         3139    .ARM.Collect$$libshutdown$$0000000F  c_p.l(libshutdown2.o)
    0x00000142   0x00000002   Code   RO         3140    .ARM.Collect$$libshutdown$$00000010  c_p.l(libshutdown2.o)
    0x00000144   0x00000000   Code   RO         2976    .ARM.Collect$$rtentry$$00000000  c_p.l(__rtentry.o)
    0x00000144   0x00000000   Code   RO         2982    .ARM.Collect$$rtentry$$00000002  c_p.l(__rtentry2.o)
    0x00000144   0x00000006   Code   RO         2994    .ARM.Collect$$rtentry$$00000004  c_p.l(__rtentry4.o)
    0x0000014a   0x00000000   Code   RO         2984    .ARM.Collect$$rtentry$$00000009  c_p.l(__rtentry2.o)
    0x0000014a   0x00000004   Code   RO         2985    .ARM.Collect$$rtentry$$0000000A  c_p.l(__rtentry2.o)
    0x0000014e   0x00000000   Code   RO         2987    .ARM.Collect$$rtentry$$0000000C  c_p.l(__rtentry2.o)
    0x0000014e   0x00000008   Code   RO         2988    .ARM.Collect$$rtentry$$0000000D  c_p.l(__rtentry2.o)
    0x00000156   0x00000002   Code   RO         3017    .ARM.Collect$$rtexit$$00000000  c_p.l(rtexit.o)
    0x00000158   0x00000000   Code   RO         3073    .ARM.Collect$$rtexit$$00000002  c_p.l(rtexit2.o)
    0x00000158   0x00000004   Code   RO         3074    .ARM.Collect$$rtexit$$00000003  c_p.l(rtexit2.o)
    0x0000015c   0x00000006   Code   RO         3075    .ARM.Collect$$rtexit$$00000004  c_p.l(rtexit2.o)
    0x00000162   0x00000002   PAD
    0x00000164   0x00000038   Code   RO         2962    .emb_text           c_p.l(rt_memcpy.o)
    0x0000019c   0x00000040   Code   RO            5    .text               startup_skeaz1284.o
    0x000001dc   0x00000082   Code   RO         2963    .text               c_p.l(rt_memcpy.o)
    0x0000025e   0x00000040   Code   RO         2966    .text               c_p.l(rt_memclr.o)
    0x0000029e   0x0000015a   Code   RO         2968    .text               c_p.l(aeabi_sdiv.o)
    0x000003f8   0x00000006   Code   RO         2972    .text               c_p.l(heapauxi.o)
    0x000003fe   0x00000002   Code   RO         3089    .text               c_p.l(use_no_semi.o)
    0x00000400   0x00000010   Code   RO            4    .ARM.__at_0x400     startup_skeaz1284.o
    0x00000410   0x0000003e   Code   RO         2998    .text               c_p.l(sys_stackheap_outer.o)
    0x0000044e   0x00000010   Code   RO         3001    .text               c_p.l(exit.o)
    0x0000045e   0x00000002   PAD
    0x00000460   0x00000008   Code   RO         3013    .text               c_p.l(libspace.o)
    0x00000468   0x0000000c   Code   RO         3070    .text               c_p.l(sys_exit.o)
    0x00000474   0x00000000   Code   RO         3091    .text               c_p.l(indicate_semi.o)
    0x00000474   0x00000018   Code   RO           63    i.ACMP0_IRQHandler  acmp.o
    0x0000048c   0x00000018   Code   RO           64    i.ACMP1_IRQHandler  acmp.o
    0x000004a4   0x00000018   Code   RO          133    i.ADC_IRQHandler    adc.o
    0x000004bc   0x0000001c   Code   RO         1684    i.Bsp_If_Init       bsp_if.o
    0x000004d8   0x00000010   Code   RO         2749    i.CTP_Ctrl_Cmd_Make  ctp_ctrl.o
    0x000004e8   0x00000010   Code   RO         2750    i.CTP_Ctrl_Cmd_Send  ctp_ctrl.o
    0x000004f8   0x0000002c   Code   RO         2752    i.CTP_Ctrl_Init     ctp_ctrl.o
    0x00000524   0x00000024   Code   RO         2754    i.CTP_Ctrl_Task     ctp_ctrl.o
    0x00000548   0x00000034   Code   RO         2755    i.CTP_Ctrl_Touch_Init  ctp_ctrl.o
    0x0000057c   0x000001e0   Code   RO         2825    i.CTP_Data_Cmd_make  ctp_data.o
    0x0000075c   0x00000034   Code   RO         2826    i.CTP_Data_Enable_CHG  ctp_data.o
    0x00000790   0x00000058   Code   RO         2827    i.CTP_Data_GPIO_Cfg  ctp_data.o
    0x000007e8   0x00000054   Code   RO         2829    i.CTP_Data_Init     ctp_data.o
    0x0000083c   0x00000010   Code   RO         2892    i.CTP_If_Cmd_Send   ctp_if.o
    0x0000084c   0x00000008   Code   RO         2894    i.CTP_If_Init       ctp_if.o
    0x00000854   0x0000000c   Code   RO         2896    i.CTP_If_Task       ctp_if.o
    0x00000860   0x00000008   Code   RO         2897    i.CTP_If_Touch_Init  ctp_if.o
    0x00000868   0x00000010   Code   RO         2302    i.ChangeLineStatus  atmel_1189.o
    0x00000878   0x00000054   Code   RO         1725    i.Clk_Init          clk.o
    0x000008cc   0x0000000c   Code   RO         2490    i.Deserialize_Ctrl_Backlight_Flag  deserialize_ctrl.o
    0x000008d8   0x0000000c   Code   RO         2491    i.Deserialize_Ctrl_Backlight_Flag_update  deserialize_ctrl.o
    0x000008e4   0x00000010   Code   RO         2492    i.Deserialize_Ctrl_Cmd_Send  deserialize_ctrl.o
    0x000008f4   0x0000000c   Code   RO         2493    i.Deserialize_Ctrl_Get_Backlight  deserialize_ctrl.o
    0x00000900   0x00000008   Code   RO         2494    i.Deserialize_Ctrl_Init  deserialize_ctrl.o
    0x00000908   0x0000014c   Code   RO         2559    i.Deserialize_Data_GPIO_Init  deserialize_data.o
    0x00000a54   0x0000000c   Code   RO         2561    i.Deserialize_Data_Init  deserialize_data.o
    0x00000a60   0x0000002c   Code   RO         2562    i.Deserialize_Data_Send  deserialize_data.o
    0x00000a8c   0x0000000c   Code   RO         2564    i.Deserialize_Data_Set_Backlight  deserialize_data.o
    0x00000a98   0x00000028   Code   RO         2565    i.Deserialize_Data_Set_Cds  deserialize_data.o
    0x00000ac0   0x00000008   Code   RO         2626    i.Deserialize_If_Backlight_Flag  deserialize_if.o
    0x00000ac8   0x0000000c   Code   RO         2627    i.Deserialize_If_Backlight_Flag_update  deserialize_if.o
    0x00000ad4   0x00000010   Code   RO         2628    i.Deserialize_If_Cmd_Send  deserialize_if.o
    0x00000ae4   0x00000008   Code   RO         2629    i.Deserialize_If_Get_Backlight  deserialize_if.o
    0x00000aec   0x00000008   Code   RO         2630    i.Deserialize_If_Init  deserialize_if.o
    0x00000af4   0x00000078   Code   RO         2686    i.Deserialize_UART_Init  deserialize_uart.o
    0x00000b6c   0x00000026   Code   RO         2687    i.Deserialize_UART_Send_Data  deserialize_uart.o
    0x00000b92   0x00000002   PAD
    0x00000b94   0x00000028   Code   RO          931    i.Disable_Interrupt  nvic.o
    0x00000bbc   0x0000002c   Code   RO          932    i.Enable_Interrupt  nvic.o
    0x00000be8   0x00000018   Code   RO          387    i.FTM0_IRQHandler   ftm.o
    0x00000c00   0x00000018   Code   RO          388    i.FTM1_IRQHandler   ftm.o
    0x00000c18   0x00000018   Code   RO          389    i.FTM2_IRQHandler   ftm.o
    0x00000c30   0x00000204   Code   RO          390    i.FTM_ChannelInit   ftm.o
    0x00000e34   0x00000088   Code   RO         2207    i.FTM_Ctrl_Init     ftm_ctrl.o
    0x00000ebc   0x00000024   Code   RO         2209    i.FTM_Ctrl_Set_LED_PWM  ftm_ctrl.o
    0x00000ee0   0x00000008   Code   RO         2264    i.FTM_If_Init       ftm_if.o
    0x00000ee8   0x0000000c   Code   RO         2266    i.FTM_If_Set_LED_PWM  ftm_if.o
    0x00000ef4   0x000000fc   Code   RO          397    i.FTM_Init          ftm.o
    0x00000ff0   0x00000058   Code   RO         2210    i.FTM_SetChannelValue  ftm_ctrl.o
    0x00001048   0x00000018   Code   RO          558    i.I2C0_IRQHandler   i2c.o
    0x00001060   0x00000024   Code   RO          560    i.I2C1_IRQHandler   i2c.o
    0x00001084   0x00000008   Code   RO          562    i.I2C_ClearStatus   i2c.o
    0x0000108c   0x00000006   Code   RO          564    i.I2C_GetStatus     i2c.o
    0x00001092   0x00000002   PAD
    0x00001094   0x00000124   Code   RO          565    i.I2C_Init          i2c.o
    0x000011b8   0x00000034   Code   RO          566    i.I2C_IntDisable    i2c.o
    0x000011ec   0x00000034   Code   RO          567    i.I2C_IntEnable     i2c.o
    0x00001220   0x0000000a   Code   RO          568    i.I2C_IsBusy        i2c.o
    0x0000122a   0x0000007a   Code   RO          570    i.I2C_MasterReadWait  i2c.o
    0x000012a4   0x00000050   Code   RO          572    i.I2C_MasterSendWait  i2c.o
    0x000012f4   0x00000090   Code   RO          573    i.I2C_ReadOneByte   i2c.o
    0x00001384   0x0000000a   Code   RO          575    i.I2C_RxEnable      i2c.o
    0x0000138e   0x0000000a   Code   RO          576    i.I2C_SendAck       i2c.o
    0x00001398   0x00000008   Code   RO          577    i.I2C_SetSCLLowTimeout  i2c.o
    0x000013a0   0x00000016   Code   RO          578    i.I2C_SetSlaveAddress  i2c.o
    0x000013b6   0x00000002   PAD
    0x000013b8   0x0000003c   Code   RO          579    i.I2C_Start         i2c.o
    0x000013f4   0x00000038   Code   RO          580    i.I2C_Stop          i2c.o
    0x0000142c   0x0000000a   Code   RO          581    i.I2C_TxEnable      i2c.o
    0x00001436   0x00000002   PAD
    0x00001438   0x00000088   Code   RO          582    i.I2C_WriteOneByte  i2c.o
    0x000014c0   0x00000024   Code   RO          880    i.KBI0_IRQHandler   kbi.o
    0x000014e4   0x00000024   Code   RO          881    i.KBI1_IRQHandler   kbi.o
    0x00001508   0x00000010   Code   RO         1485    i.LCD_Ctrl_Init     lcd_ctrl.o
    0x00001518   0x00000078   Code   RO         1486    i.LCD_Ctrl_Register_Set  lcd_ctrl.o
    0x00001590   0x00000024   Code   RO         1549    i.LCD_Data_Cs_Init  lcd_data.o
    0x000015b4   0x000000b4   Code   RO         1552    i.LCD_Data_GPIO_Init  lcd_data.o
    0x00001668   0x00000020   Code   RO         1553    i.LCD_Data_GPIO_Standby_High  lcd_data.o
    0x00001688   0x0000006c   Code   RO         1554    i.LCD_Data_Init     lcd_data.o
    0x000016f4   0x000000b4   Code   RO         1555    i.LCD_Data_Register_Read  lcd_data.o
    0x000017a8   0x000000a0   Code   RO         1556    i.LCD_Data_Register_Write  lcd_data.o
    0x00001848   0x00000008   Code   RO         1647    i.LCD_If_Init       lcd_if.o
    0x00001850   0x00000008   Code   RO         1874    i.LED_Ctrl_Init     led_ctrl.o
    0x00001858   0x00000008   Code   RO         1945    i.LED_Data_I2C_Init  led_data.o
    0x00001860   0x00000080   Code   RO         2019    i.LED_I2C_GPIO_Init  led_i2c.o
    0x000018e0   0x00000008   Code   RO         2020    i.LED_I2C_Init      led_i2c.o
    0x000018e8   0x00000008   Code   RO         2130    i.LED_If_Init       led_if.o
    0x000018f0   0x0000001e   Code   RO         2137    i.LED_If_Task       led_if.o
    0x0000190e   0x00000002   PAD
    0x00001910   0x0000001c   Code   RO          960    i.PIT_CH0_IRQHandler  pit.o
    0x0000192c   0x0000001c   Code   RO          961    i.PIT_CH1_IRQHandler  pit.o
    0x00001948   0x0000001c   Code   RO          962    i.PIT_ChannelClrFlags  pit.o
    0x00001964   0x00000018   Code   RO         1072    i.PWT_IRQHandler    pwt.o
    0x0000197c   0x00000014   Code   RO         1115    i.RTC_ClrFlags      rtc.o
    0x00001990   0x0000001c   Code   RO         1117    i.RTC_IRQHandler    rtc.o
    0x000019ac   0x00000018   Code   RO         1164    i.SPI0_IRQHandler   spi.o
    0x000019c4   0x00000018   Code   RO         1165    i.SPI1_IRQHandler   spi.o
    0x000019dc   0x0000000a   Code   RO         1558    i.SPI_BidirOutEnable  lcd_data.o
    0x000019e6   0x00000002   PAD
    0x000019e8   0x000001b8   Code   RO         1167    i.SPI_Init          spi.o
    0x00001ba0   0x0000000a   Code   RO         1559    i.SPI_IsSPRF        lcd_data.o
    0x00001baa   0x0000000a   Code   RO         1560    i.SPI_IsSPTEF       lcd_data.o
    0x00001bb4   0x0000000a   Code   RO         1168    i.SPI_ModfEnable    spi.o
    0x00001bbe   0x00000006   Code   RO         1561    i.SPI_ReadDataReg   lcd_data.o
    0x00001bc4   0x0000006a   Code   RO         1169    i.SPI_SetBaudRate   spi.o
    0x00001c2e   0x00000018   Code   RO         1171    i.SPI_SetClockPhase  spi.o
    0x00001c46   0x00000018   Code   RO         1172    i.SPI_SetClockPol   spi.o
    0x00001c5e   0x00000004   Code   RO         1562    i.SPI_WriteDataReg  lcd_data.o
    0x00001c62   0x00000002   PAD
    0x00001c64   0x00000070   Code   RO           16    i.SystemInit        system_skeaz1284.o
    0x00001cd4   0x0000000c   Code   RO         1754    i.Timer_If_Delay    timer_if.o
    0x00001ce0   0x000000f4   Code   RO         2688    i.UART0_IRQHandler  deserialize_uart.o
    0x00001dd4   0x00000010   Code   RO         1241    i.UART1_IRQHandler  uart.o
    0x00001de4   0x00000010   Code   RO         1242    i.UART2_IRQHandler  uart.o
    0x00001df4   0x00000128   Code   RO         1247    i.UART_Init         uart.o
    0x00001f1c   0x0000001c   Code   RO         2689    i.Uart0_GetChar     deserialize_uart.o
    0x00001f38   0x0000001c   Code   RO         2690    i.Uart0_SendChar    deserialize_uart.o
    0x00001f54   0x00000028   Code   RO         1350    i.WDOG_IRQHandler   wdog.o
    0x00001f7c   0x0000001c   Code   RO         2476    i.__ARM_common_switch8  atmel_1189.o
    0x00001f98   0x00000068   Code   RO         2303    i.address_slave     atmel_1189.o
    0x00002000   0x00000010   Code   RO         2305    i.get_build_number  atmel_1189.o
    0x00002010   0x00000010   Code   RO         2306    i.get_family_id     atmel_1189.o
    0x00002020   0x0000000c   Code   RO         2307    i.get_max_report_id  atmel_1189.o
    0x0000202c   0x0000009c   Code   RO         2308    i.get_message       atmel_1189.o
    0x000020c8   0x00000064   Code   RO         2309    i.get_object_address  atmel_1189.o
    0x0000212c   0x00000138   Code   RO         2314    i.get_touch_message_for_PSA  atmel_1189.o
    0x00002264   0x00000010   Code   RO         2316    i.get_variant_id    atmel_1189.o
    0x00002274   0x00000010   Code   RO         2317    i.get_version       atmel_1189.o
    0x00002284   0x00000028   Code   RO         2318    i.i2c_master_read   atmel_1189.o
    0x000022ac   0x00000028   Code   RO         2319    i.i2c_master_write  atmel_1189.o
    0x000022d4   0x0000005c   Code   RO         2320    i.init_touch_app    atmel_1189.o
    0x00002330   0x000002b4   Code   RO         2321    i.init_touch_driver  atmel_1189.o
    0x000025e4   0x00000014   Code   RO         1423    i.main              main.o
    0x000025f8   0x00000088   Code   RO         2322    i.message_handler   atmel_1189.o
    0x00002680   0x0000008c   Code   RO         2323    i.read_id_block     atmel_1189.o
    0x0000270c   0x000000dc   Code   RO         2324    i.read_mem          atmel_1189.o
    0x000027e8   0x0000001a   Code   RO         2325    i.read_uint16_t     atmel_1189.o
    0x00002802   0x00000002   PAD
    0x00002804   0x00000028   Code   RO         2326    i.report_id_to_type  atmel_1189.o
    0x0000282c   0x0000000a   Data   RO         1488    .constdata          lcd_ctrl.o
    0x00002836   0x00000002   PAD
    0x00002838   0x00000020   Data   RO         3141    Region$$Table       anon$$obj.o


    Execution Region RW_IRAM1 (Base: 0x1ffff000, Size: 0x00000a68, Max: 0x00004000, ABSOLUTE)

    Base Addr    Size         Type   Attr      Idx    E Section Name        Object

    0x1ffff000   0x00000008   Data   RW           69    .data               acmp.o
    0x1ffff008   0x00000004   Data   RW          143    .data               adc.o
    0x1ffff00c   0x0000000c   Data   RW          413    .data               ftm.o
    0x1ffff018   0x00000010   Data   RW          583    .data               i2c.o
    0x1ffff028   0x00000018   Data   RW          886    .data               kbi.o
    0x1ffff040   0x00000008   Data   RW          970    .data               pit.o
    0x1ffff048   0x00000004   Data   RW         1075    .data               pwt.o
    0x1ffff04c   0x00000004   Data   RW         1120    .data               rtc.o
    0x1ffff050   0x00000008   Data   RW         1174    .data               spi.o
    0x1ffff058   0x00000004   Data   RW         1353    .data               wdog.o
    0x1ffff05c   0x00000001   Data   RW         2034    .data               led_i2c.o
    0x1ffff05d   0x00000001   Data   RW         2211    .data               ftm_ctrl.o
    0x1ffff05e   0x00000002   PAD
    0x1ffff060   0x00000028   Data   RW         2329    .data               atmel_1189.o
    0x1ffff088   0x00000002   Data   RW         2567    .data               deserialize_data.o
    0x1ffff08a   0x00000001   Data   RW         2757    .data               ctp_ctrl.o
    0x1ffff08b   0x00000001   PAD
    0x1ffff08c   0x0000000c   Zero   RW          412    .bss                ftm.o
    0x1ffff098   0x00000024   Zero   RW         1254    .bss                uart.o
    0x1ffff0bc   0x000001ec   Zero   RW         2328    .bss                atmel_1189.o
    0x1ffff2a8   0x00000104   Zero   RW         2692    .bss                deserialize_uart.o
    0x1ffff3ac   0x0000025b   Zero   RW         2756    .bss                ctp_ctrl.o
    0x1ffff607   0x00000001   PAD
    0x1ffff608   0x00000060   Zero   RW         3014    .bss                c_p.l(libspace.o)
    0x1ffff668   0x00000000   Zero   RW            2    HEAP                startup_skeaz1284.o
    0x1ffff668   0x00000400   Zero   RW            1    STACK               startup_skeaz1284.o


==============================================================================

Image component sizes


      Code (inc. data)   RO Data    RW Data    ZI Data      Debug   Object Name

        48         12          0          8          0       4406   acmp.o
        24          6          0          4          0       4556   adc.o
      2218        198          0         40        492      18253   atmel_1189.o
        28          0          0          0          0        438   bsp_if.o
        84         12          0          0          0        423   clk.o
       164         28          0          1        603       3497   ctp_ctrl.o
       704         44          0          0          0       3256   ctp_data.o
        44          0          0          0          0       2170   ctp_if.o
        60         18          0          0          0       2964   deserialize_ctrl.o
       440         16          0          2          0       3897   deserialize_data.o
        52          0          0          0          0       2966   deserialize_if.o
       458         40          0          0        260       6976   deserialize_uart.o
       840         48          0         12         12       8202   ftm.o
       260         28          0          1          0       6675   ftm_ctrl.o
        20          0          0          0          0        895   ftm_if.o
      1138         66          0         16          0      13767   i2c.o
        72         16          0         24          0       2985   kbi.o
       136          4         10          0          0       1984   lcd_ctrl.o
       736         50          0          0          0       8256   lcd_data.o
         8          0          0          0          0        414   lcd_if.o
         8          0          0          0          0        420   led_ctrl.o
         8          0          0          0          0       2844   led_data.o
       136         14          0          1          0       1023   led_i2c.o
        38          0          0          0          0        876   led_if.o
        20          0          0          0          0        415   main.o
        84         14          0          0          0       6975   nvic.o
        84         14          0          8          0       2965   pit.o
        24          6          0          4          0       2636   pwt.o
        48         12          0          4          0       2452   rtc.o
       652         22          0          8          0       7304   spi.o
        80         44        192          0       1024        924   startup_skeaz1284.o
       112         22          0          0          0     110437   system_skeaz1284.o
        12          0          0          0          0        449   timer_if.o
       328         30          0          0         36       5822   uart.o
        40         10          0          4          0       2170   wdog.o

    ----------------------------------------------------------------------
      9224        774        236        140       2428     244692   Object Totals
         0          0         32          0          0          0   (incl. Generated)
        16          0          2          3          1          0   (incl. Padding)

    ----------------------------------------------------------------------

      Code (inc. data)   RO Data    RW Data    ZI Data      Debug   Library Member Name

         8          0          0          0          0         68   __main.o
         0          0          0          0          0          0   __rtentry.o
        12          0          0          0          0          0   __rtentry2.o
         6          0          0          0          0          0   __rtentry4.o
        60          8          0          0          0          0   __scatter.o
        26          0          0          0          0          0   __scatter_copy.o
        28          0          0          0          0          0   __scatter_zi.o
       346          0          0          0          0         92   aeabi_sdiv.o
        16          0          0          0          0         68   exit.o
         6          0          0          0          0        136   heapauxi.o
         0          0          0          0          0          0   indicate_semi.o
         2          0          0          0          0          0   libinit.o
         2          0          0          0          0          0   libinit2.o
         2          0          0          0          0          0   libshutdown.o
         2          0          0          0          0          0   libshutdown2.o
         8          4          0          0         96         68   libspace.o
        64          0          0          0          0        108   rt_memclr.o
       186          0          0          0          0        144   rt_memcpy.o
         2          0          0          0          0          0   rtexit.o
        10          0          0          0          0          0   rtexit2.o
        12          4          0          0          0         60   sys_exit.o
        62          0          0          0          0         80   sys_stackheap_outer.o
         2          0          0          0          0         68   use_no_semi.o

    ----------------------------------------------------------------------
       868         16          0          0         96        892   Library Totals
         6          0          0          0          0          0   (incl. Padding)

    ----------------------------------------------------------------------

      Code (inc. data)   RO Data    RW Data    ZI Data      Debug   Library Name

       862         16          0          0         96        892   c_p.l

    ----------------------------------------------------------------------
       868         16          0          0         96        892   Library Totals

    ----------------------------------------------------------------------

==============================================================================


      Code (inc. data)   RO Data    RW Data    ZI Data      Debug   

     10092        790        236        140       2524     239668   Grand Totals
     10092        790        236        140       2524     239668   ELF Image Totals
     10092        790        236        140          0          0   ROM Totals

==============================================================================

    Total RO  Size (Code + RO Data)                10328 (  10.09kB)
    Total RW  Size (RW Data + ZI Data)              2664 (   2.60kB)
    Total ROM Size (Code + RO Data + RW Data)      10468 (  10.22kB)

==============================================================================

